 addon

 Timestamp is 5eb3984a (Thu May  7 12:10:34 2020)

 Preferred load address is 0000000180000000

 Start         Length     Name                   Class
 0001:00000000 00019e60H .text$mn                CODE
 0001:00019e60 00000020H .text$mn$00             CODE
 0001:00019e80 00000450H .text$x                 CODE
 0002:00000000 00000360H .idata$5                DATA
 0002:00000360 00000010H .00cfg                  DATA
 0002:00000370 00000008H .CRT$XCA                DATA
 0002:00000378 00000008H .CRT$XCU                DATA
 0002:00000380 00000008H .CRT$XCZ                DATA
 0002:00000388 00000008H .CRT$XIA                DATA
 0002:00000390 00000018H .CRT$XIC                DATA
 0002:000003a8 00000008H .CRT$XIZ                DATA
 0002:000003b0 00000008H .CRT$XPA                DATA
 0002:000003b8 00000010H .CRT$XPX                DATA
 0002:000003c8 00000008H .CRT$XPXA               DATA
 0002:000003d0 00000008H .CRT$XPZ                DATA
 0002:000003d8 00000008H .CRT$XTA                DATA
 0002:000003e0 00000010H .CRT$XTZ                DATA
 0002:000003e8 00000000H .gfids$y                DATA
 0002:000003f0 00008580H .rdata                  DATA
 0002:00008970 0000016cH .rdata$r                DATA
 0002:00008adc 00000344H .rdata$zzzdbg           DATA
 0002:00008e20 00000008H .rtc$IAA                DATA
 0002:00008e28 00000008H .rtc$IZZ                DATA
 0002:00008e30 00000008H .rtc$TAA                DATA
 0002:00008e38 00000008H .rtc$TZZ                DATA
 0002:00008e40 00001508H .xdata                  DATA
 0002:0000a348 00000088H .xdata$x                DATA
 0002:0000a3d0 00000050H .edata                  DATA
 0002:0000a420 00000028H .idata$2                DATA
 0002:0000a448 00000018H .idata$3                DATA
 0002:0000a460 00000360H .idata$4                DATA
 0002:0000a7c0 00000e76H .idata$6                DATA
 0003:00000000 00000a80H .data                   DATA
 0003:00000a80 00000070H .data$r                 DATA
 0003:00000af0 00001208H .bss                    DATA
 0004:00000000 00001800H .pdata                  DATA
 0005:00000000 00000060H .rsrc$01                DATA
 0005:00000060 00000180H .rsrc$02                DATA

  Address         Publics by Value              Rva+Base               Lib:Object

 0000:00000000       __hybrid_code_map_count    0000000000000000     <absolute>
 0000:00000000       __hybrid_code_map          0000000000000000     <absolute>
 0000:00000000       __guard_iat_count          0000000000000000     <absolute>
 0000:00000000       __guard_longjmp_count      0000000000000000     <absolute>
 0000:00000000       __guard_longjmp_table      0000000000000000     <absolute>
 0000:00000000       __volatile_metadata        0000000000000000     <absolute>
 0000:00000000       __guard_iat_table          0000000000000000     <absolute>
 0000:00000000       __guard_fids_count         0000000000000000     <absolute>
 0000:00000000       ___safe_se_handler_count   0000000000000000     <absolute>
 0000:00000000       __enclave_config           0000000000000000     <absolute>
 0000:00000000       ___safe_se_handler_table   0000000000000000     <absolute>
 0000:00000000       __guard_fids_table         0000000000000000     <absolute>
 0000:00000000       __hybrid_auxiliary_iat     0000000000000000     <absolute>
 0000:00000000       __dynamic_value_reloc_table 0000000000000000     <absolute>
 0000:00000100       __guard_flags              0000000000000100     <absolute>
 0000:00000000       __ImageBase                0000000180000000     <linker-defined>
 0001:00000000       __local_stdio_printf_options 0000000180001000 f i heapdump.obj
 0001:00000170       _guard_check_icall_nop     0000000180001170 f   LIBCMT:guard_support.obj
 0001:00000760       ??$SetMethod@VObject@v8@@VLocal@2@@Nan@@YAXV?$Local@VObject@v8@@@v8@@PEBDP6AXAEBV?$FunctionCallbackInfo@VValue@v8@@@0@@Z@Z 0000000180001760 f i heapdump.obj
 0001:000009a0       ??$SetMethodAux@V?$Local@VObject@v8@@@v8@@@imp@Nan@@YAXV?$Local@VObject@v8@@@v8@@V?$Local@VString@v8@@@3@V?$Local@VFunctionTemplate@v8@@@3@ZZ 00000001800019a0 f i heapdump.obj
 0001:00000a6b       ?WriteHeapStatsChunk@OutputStream@v8@@UEAA?AW4WriteResult@12@PEAUHeapStatsUpdate@2@H@Z 0000000180001a6b f   node:node.exe
 0001:00000a90       __security_check_cookie    0000000180001a90 f   LIBCMT:_amdsecgs_.obj
 0001:00000ab4       ??3@YAXPEAX_K@Z            0000000180001ab4 f   LIBCMT:delete_scalar_size.obj
 0001:00000dec       _DllMainCRTStartup         0000000180001dec f   LIBCMT:dll_dllmain.obj
 0001:00000e2c       __raise_securityfailure    0000000180001e2c f   LIBCMT:gs_report.obj
 0001:00000e60       __report_gsfailure         0000000180001e60 f   LIBCMT:gs_report.obj
 0001:00000f34       __report_rangecheckfailure 0000000180001f34 f   LIBCMT:gs_report.obj
 0001:00000f48       __report_securityfailure   0000000180001f48 f   LIBCMT:gs_report.obj
 0001:000010c8       ??3@YAXPEAX@Z              00000001800020c8 f   LIBCMT:delete_scalar.obj
 0001:000010d0       __security_init_cookie     00000001800020d0 f   LIBCMT:gs_support.obj
 0001:0000117c       _get_startup_argv_mode     000000018000217c f   LIBCMT:argv_mode.obj
 0001:0000117c       DllMain                    000000018000217c f   LIBCMT:dll_dllmain_stub.obj
 0001:00001184       ?__scrt_initialize_type_info@@YAXXZ 0000000180002184 f   LIBCMT:tncleanup.obj
 0001:00001194       ?__scrt_uninitialize_type_info@@YAXXZ 0000000180002194 f   LIBCMT:tncleanup.obj
 0001:000011a0       __local_stdio_scanf_options 00000001800021a0 f i LIBCMT:default_local_stdio_options.obj
 0001:000011a8       __scrt_initialize_default_local_stdio_options 00000001800021a8 f   LIBCMT:default_local_stdio_options.obj
 0001:000011c4       __scrt_acquire_startup_lock 00000001800021c4 f   LIBCMT:utility.obj
 0001:00001200       __scrt_dllmain_after_initialize_c 0000000180002200 f   LIBCMT:utility.obj
 0001:00001234       __scrt_dllmain_before_initialize_c 0000000180002234 f   LIBCMT:utility.obj
 0001:0000124c       __scrt_dllmain_crt_thread_attach 000000018000224c f   LIBCMT:utility.obj
 0001:00001274       __scrt_dllmain_crt_thread_detach 0000000180002274 f   LIBCMT:utility.obj
 0001:0000128c       __scrt_dllmain_exception_filter 000000018000228c f   LIBCMT:utility.obj
 0001:000012ec       __scrt_dllmain_uninitialize_c 00000001800022ec f   LIBCMT:utility.obj
 0001:0000131c       __scrt_dllmain_uninitialize_critical 000000018000231c f   LIBCMT:utility.obj
 0001:00001330       __scrt_initialize_crt      0000000180002330 f   LIBCMT:utility.obj
 0001:0000137c       __scrt_initialize_onexit_tables 000000018000237c f   LIBCMT:utility.obj
 0001:00001454       __scrt_is_nonwritable_in_current_image 0000000180002454 f   LIBCMT:utility.obj
 0001:000014f0       __scrt_release_startup_lock 00000001800024f0 f   LIBCMT:utility.obj
 0001:00001514       __scrt_uninitialize_crt    0000000180002514 f   LIBCMT:utility.obj
 0001:00001540       __scrt_get_dyn_tls_init_callback 0000000180002540 f   LIBCMT:dyn_tls_init.obj
 0001:00001548       __crt_debugger_hook        0000000180002548 f   LIBCMT:utility_desktop.obj
 0001:00001550       __scrt_fastfail            0000000180002550 f   LIBCMT:utility_desktop.obj
 0001:0000169c       _RTC_Initialize            000000018000269c f   LIBCMT:_initsect_.obj
 0001:000016d8       _RTC_Terminate             00000001800026d8 f   LIBCMT:_initsect_.obj
 0001:00001714       __isa_available_init       0000000180002714 f   LIBCMT:_cpu_disp_.obj
 0001:000018d0       __scrt_is_ucrt_dll_in_use  00000001800028d0 f   LIBCMT:ucrt_detection.obj
 0001:000018e0       __C_specific_handler       00000001800028e0 f   libvcruntime:_riscchandler_.obj
 0001:00001aec       __std_type_info_compare    0000000180002aec f   libvcruntime:std_type_info.obj
 0001:00001b14       __std_type_info_destroy_list 0000000180002b14 f   libvcruntime:std_type_info.obj
 0001:00001b40       __vcrt_initialize          0000000180002b40 f   libvcruntime:initialization.obj
 0001:00001b74       __vcrt_thread_attach       0000000180002b74 f   libvcruntime:initialization.obj
 0001:00001b88       __vcrt_thread_detach       0000000180002b88 f   libvcruntime:initialization.obj
 0001:00001b9c       __vcrt_uninitialize        0000000180002b9c f   libvcruntime:initialization.obj
 0001:00001bbc       __vcrt_uninitialize_critical 0000000180002bbc f   libvcruntime:initialization.obj
 0001:00001be0       memset_repmovs             0000000180002be0 f   libvcruntime:memset.obj
 0001:00001c00       memset                     0000000180002c00 f   libvcruntime:memset.obj
 0001:00001da0       _NLG_Notify                0000000180002da0 f   libvcruntime:_notify_.obj
 0001:00001dc0       __NLG_Dispatch2            0000000180002dc0 f   libvcruntime:_notify_.obj
 0001:00001dd0       __NLG_Return2              0000000180002dd0 f   libvcruntime:_notify_.obj
 0001:00001dd4       __except_validate_context_record 0000000180002dd4 f   libvcruntime:jbcxrval.obj
 0001:00001e0c       __DestructExceptionObject  0000000180002e0c f   libvcruntime:ehhelpers.obj
 0001:00001e80       ?_CallMemberFunction0@@YAXQEAX0@Z 0000000180002e80 f i libvcruntime:ehhelpers.obj
 0001:00001e84       _IsExceptionObjectToBeDestroyed 0000000180002e84 f   libvcruntime:ehhelpers.obj
 0001:00001eb4       __AdjustPointer            0000000180002eb4 f   libvcruntime:ehhelpers.obj
 0001:00001ed8       __FrameUnwindFilter        0000000180002ed8 f   libvcruntime:ehhelpers.obj
 0001:00001f24       __vcrt_freefls             0000000180002f24 f   libvcruntime:per_thread_data.obj
 0001:00001f44       __vcrt_freeptd             0000000180002f44 f   libvcruntime:per_thread_data.obj
 0001:00001f94       __vcrt_getptd              0000000180002f94 f   libvcruntime:per_thread_data.obj
 0001:00001fb0       __vcrt_getptd_noexit       0000000180002fb0 f   libvcruntime:per_thread_data.obj
 0001:0000207c       __vcrt_initialize_ptd      000000018000307c f   libvcruntime:per_thread_data.obj
 0001:000020d0       __vcrt_uninitialize_ptd    00000001800030d0 f   libvcruntime:per_thread_data.obj
 0001:000020f4       __vcrt_initialize_locks    00000001800030f4 f   libvcruntime:locks.obj
 0001:0000213c       __vcrt_uninitialize_locks  000000018000313c f   libvcruntime:locks.obj
 0001:0000234c       __vcrt_FlsAlloc            000000018000334c f   libvcruntime:winapi_downlevel.obj
 0001:00002394       __vcrt_FlsFree             0000000180003394 f   libvcruntime:winapi_downlevel.obj
 0001:000023dc       __vcrt_FlsGetValue         00000001800033dc f   libvcruntime:winapi_downlevel.obj
 0001:00002424       __vcrt_FlsSetValue         0000000180003424 f   libvcruntime:winapi_downlevel.obj
 0001:00002478       __vcrt_InitializeCriticalSectionEx 0000000180003478 f   libvcruntime:winapi_downlevel.obj
 0001:000024dc       __vcrt_initialize_winapi_thunks 00000001800034dc f   libvcruntime:winapi_downlevel.obj
 0001:0000250c       __vcrt_uninitialize_winapi_thunks 000000018000350c f   libvcruntime:winapi_downlevel.obj
 0001:0000254c       __vcrt_initialize_pure_virtual_call_handler 000000018000354c f   libvcruntime:purevirt_data.obj
 0001:0000255c       ??$_CallSETranslator@V__FrameHandler3@@@@YAHPEAUEHExceptionRecord@@PEA_KPEAU_CONTEXT@@PEAU_xDISPATCHER_CONTEXT@@PEBU_s_FuncInfo@@K1@Z 000000018000355c f i libvcruntime:risctrnsctrl.obj
 0001:000025b0       ?CatchTryBlock@__FrameHandler3@@SAPEBU_s_TryBlockMapEntry@@PEBU_s_FuncInfo@@H@Z 00000001800035b0 f   libvcruntime:risctrnsctrl.obj
 0001:00002608       ?ExecutionInCatch@__FrameHandler3@@SA_NPEAU_xDISPATCHER_CONTEXT@@PEBU_s_FuncInfo@@@Z 0000000180003608 f   libvcruntime:risctrnsctrl.obj
 0001:00002634       ?FrameUnwindToEmptyState@__FrameHandler3@@SAXPEA_KPEAU_xDISPATCHER_CONTEXT@@PEBU_s_FuncInfo@@@Z 0000000180003634 f   libvcruntime:risctrnsctrl.obj
 0001:00002698       ?GetEstablisherFrame@__FrameHandler3@@SAPEA_KPEA_KPEAU_xDISPATCHER_CONTEXT@@PEBU_s_FuncInfo@@0@Z 0000000180003698 f   libvcruntime:risctrnsctrl.obj
 0001:00002764       ?GetRangeOfTrysToCheck@__FrameHandler3@@SA?AU?$pair@Viterator@TryBlockMap@__FrameHandler3@@V123@@std@@AEAVTryBlockMap@1@HH@Z 0000000180003764 f   libvcruntime:risctrnsctrl.obj
 0001:000028c0       ?UnwindNestedFrames@__FrameHandler3@@SAXPEA_KPEAUEHExceptionRecord@@PEAU_CONTEXT@@0PEAXPEBU_s_FuncInfo@@HHPEBU_s_HandlerType@@PEAU_xDISPATCHER_CONTEXT@@E@Z 00000001800038c0 f   libvcruntime:risctrnsctrl.obj
 0001:000029e4       _CreateFrameInfo           00000001800039e4 f   libvcruntime:risctrnsctrl.obj
 0001:00002a20       _FindAndUnlinkFrame        0000000180003a20 f   libvcruntime:risctrnsctrl.obj
 0001:00002a74       _GetImageBase              0000000180003a74 f   libvcruntime:risctrnsctrl.obj
 0001:00002a88       _GetThrowImageBase         0000000180003a88 f   libvcruntime:risctrnsctrl.obj
 0001:00002a9c       _SetImageBase              0000000180003a9c f   libvcruntime:risctrnsctrl.obj
 0001:00002ab4       _SetThrowImageBase         0000000180003ab4 f   libvcruntime:risctrnsctrl.obj
 0001:00002acc       __CxxFrameHandler3         0000000180003acc f   libvcruntime:risctrnsctrl.obj
 0001:00002b60       memcpy_repmovs             0000000180003b60 f   libvcruntime:memcpy.obj
 0001:00002b80       memmove                    0000000180003b80 f   libvcruntime:memcpy.obj
 0001:00002b80       memcpy                     0000000180003b80 f   libvcruntime:memcpy.obj
 0001:00002fb8       ?GetCurrentState@__FrameHandler3@@SAHPEA_KPEAU_xDISPATCHER_CONTEXT@@PEBU_s_FuncInfo@@@Z 0000000180003fb8 f   libvcruntime:ehstate.obj
 0001:00002fe0       ?GetUnwindTryBlock@__FrameHandler3@@SAHPEA_KPEAU_xDISPATCHER_CONTEXT@@PEBU_s_FuncInfo@@@Z 0000000180003fe0 f   libvcruntime:ehstate.obj
 0001:0000300c       ?SetState@__FrameHandler3@@SAXPEA_KPEBU_s_FuncInfo@@H@Z 000000018000400c f   libvcruntime:ehstate.obj
 0001:00003018       ?SetUnwindTryBlock@__FrameHandler3@@SAXPEA_KPEAU_xDISPATCHER_CONTEXT@@PEBU_s_FuncInfo@@H@Z 0000000180004018 f   libvcruntime:ehstate.obj
 0001:00003054       ?StateFromControlPc@__FrameHandler3@@SAHPEBU_s_FuncInfo@@PEAU_xDISPATCHER_CONTEXT@@@Z 0000000180004054 f   libvcruntime:ehstate.obj
 0001:0000305c       ?StateFromIp@__FrameHandler3@@SAHPEBU_s_FuncInfo@@PEAU_xDISPATCHER_CONTEXT@@_K@Z 000000018000405c f   libvcruntime:ehstate.obj
 0001:00003ae8       ??$TypeMatchHelper@$$CBU_s_HandlerType@@@@YAHPEBU_s_HandlerType@@PEBU_s_CatchableType@@PEBU_s_ThrowInfo@@@Z 0000000180004ae8 f i libvcruntime:frame.obj
 0001:00003c2c       ??$__InternalCxxFrameHandler@V__FrameHandler3@@@@YA?AW4_EXCEPTION_DISPOSITION@@PEAUEHExceptionRecord@@PEA_KPEAU_CONTEXT@@PEAU_xDISPATCHER_CONTEXT@@PEBU_s_FuncInfo@@H1E@Z 0000000180004c2c f i libvcruntime:frame.obj
 0001:00003e74       ??0bad_exception@std@@QEAA@AEBV01@@Z 0000000180004e74 f i libvcruntime:frame.obj
 0001:00003eb4       ??0bad_exception@std@@QEAA@XZ 0000000180004eb4 f i libvcruntime:frame.obj
 0001:00003ed4       ??0exception@std@@QEAA@AEBV01@@Z 0000000180004ed4 f i libvcruntime:frame.obj
 0001:00003f0c       ??1bad_exception@std@@UEAA@XZ 0000000180004f0c f i libvcruntime:frame.obj
 0001:00003f20       ??_Eexception@std@@UEAAPEAXI@Z 0000000180004f20 f i libvcruntime:frame.obj
 0001:00003f20       ??_Gbad_exception@std@@UEAAPEAXI@Z 0000000180004f20 f i libvcruntime:frame.obj
 0001:00003f20       ??_Ebad_exception@std@@UEAAPEAXI@Z 0000000180004f20 f i libvcruntime:frame.obj
 0001:00003f20       ??_Gexception@std@@UEAAPEAXI@Z 0000000180004f20 f i libvcruntime:frame.obj
 0001:00003f64       ?CxxCallCatchBlock@__FrameHandler3@@SAPEAXPEAU_EXCEPTION_RECORD@@@Z 0000000180004f64 f   libvcruntime:frame.obj
 0001:000041d8       ?FrameUnwindToState@__FrameHandler3@@SAXPEA_KPEAU_xDISPATCHER_CONTEXT@@PEBU_s_FuncInfo@@H@Z 00000001800051d8 f   libvcruntime:frame.obj
 0001:0000436c       ?GetHandlerSearchState@__FrameHandler3@@SAHPEA_KPEAU_xDISPATCHER_CONTEXT@@PEBU_s_FuncInfo@@@Z 000000018000536c f i libvcruntime:frame.obj
 0001:00004570       ?_CallMemberFunction1@@YAXQEAX00@Z 0000000180005570 f i libvcruntime:frame.obj
 0001:0000457c       ?_CallMemberFunction2@@YAXQEAX00H@Z 000000018000557c f i libvcruntime:frame.obj
 0001:0000458c       ?what@exception@std@@UEBAPEBDXZ 000000018000558c f i libvcruntime:frame.obj
 0001:000045b0       _CallSettingFrame          00000001800055b0 f   libvcruntime:handlers.obj
 0001:00004600       _CallSettingFrameEncoded   0000000180005600 f   libvcruntime:handlers.obj
 0001:00004648       __std_exception_copy       0000000180005648 f   libvcruntime:std_exception.obj
 0001:000046d8       __std_exception_destroy    00000001800056d8 f   libvcruntime:std_exception.obj
 0001:00004700       _CxxThrowException         0000000180005700 f   libvcruntime:throw.obj
 0001:000047c0       feof                       00000001800057c0 f   libucrt:feoferr.obj
 0001:000047ec       ferror                     00000001800057ec f   libucrt:feoferr.obj
 0001:000048d0       fopen                      00000001800058d0 f   libucrt:fopen.obj
 0001:000048dc       _fclose_nolock             00000001800058dc f   libucrt:fclose.obj
 0001:00004960       fclose                     0000000180005960 f   libucrt:fclose.obj
 0001:00004dc0       ??$ensure_buffer_is_big_enough@D@formatting_buffer@__crt_stdio_output@@QEAA_N_K@Z 0000000180005dc0 f i libucrt:output.obj
 0001:00004e68       ??$ensure_buffer_is_big_enough@_W@formatting_buffer@__crt_stdio_output@@QEAA_N_K@Z 0000000180005e68 f i libucrt:output.obj
 0001:00004f14       ??$extract_argument_from_va_list@C_J@?$positional_parameter_base@DV?$string_output_adapter@D@__crt_stdio_output@@@__crt_stdio_output@@IEAA_NAEA_J@Z 0000000180005f14 f i libucrt:output.obj
 0001:00004fd0       ??$extract_argument_from_va_list@E_J@?$positional_parameter_base@DV?$string_output_adapter@D@__crt_stdio_output@@@__crt_stdio_output@@IEAA_NAEA_J@Z 0000000180005fd0 f i libucrt:output.obj
 0001:0000508c       ??$extract_argument_from_va_list@F_J@?$positional_parameter_base@DV?$string_output_adapter@D@__crt_stdio_output@@@__crt_stdio_output@@IEAA_NAEA_J@Z 000000018000608c f i libucrt:output.obj
 0001:00005148       ??$extract_argument_from_va_list@GD@?$positional_parameter_base@DV?$string_output_adapter@D@__crt_stdio_output@@@__crt_stdio_output@@IEAA_NAEAD@Z 0000000180006148 f i libucrt:output.obj
 0001:00005200       ??$extract_argument_from_va_list@G_J@?$positional_parameter_base@DV?$string_output_adapter@D@__crt_stdio_output@@@__crt_stdio_output@@IEAA_NAEA_J@Z 0000000180006200 f i libucrt:output.obj
 0001:000052bc       ??$extract_argument_from_va_list@H_J@?$positional_parameter_base@DV?$string_output_adapter@D@__crt_stdio_output@@@__crt_stdio_output@@IEAA_NAEA_J@Z 00000001800062bc f i libucrt:output.obj
 0001:00005378       ??$extract_argument_from_va_list@I_J@?$positional_parameter_base@DV?$string_output_adapter@D@__crt_stdio_output@@@__crt_stdio_output@@IEAA_NAEA_J@Z 0000000180006378 f i libucrt:output.obj
 0001:00005434       ??$extract_argument_from_va_list@PEAXPEAX@?$positional_parameter_base@DV?$string_output_adapter@D@__crt_stdio_output@@@__crt_stdio_output@@IEAA_NAEAPEAX@Z 0000000180006434 f i libucrt:output.obj
 0001:00005434       ??$extract_argument_from_va_list@PEADPEAD@?$positional_parameter_base@DV?$string_output_adapter@D@__crt_stdio_output@@@__crt_stdio_output@@IEAA_NAEAPEAD@Z 0000000180006434 f i libucrt:output.obj
 0001:000054f0       ??$extract_argument_from_va_list@U_CRT_DOUBLE@@U1@@?$positional_parameter_base@DV?$string_output_adapter@D@__crt_stdio_output@@@__crt_stdio_output@@IEAA_NAEAU_CRT_DOUBLE@@@Z 00000001800064f0 f i libucrt:output.obj
 0001:000055ac       ??$extract_argument_from_va_list@_K_J@?$positional_parameter_base@DV?$string_output_adapter@D@__crt_stdio_output@@@__crt_stdio_output@@IEAA_NAEA_J@Z 00000001800065ac f i libucrt:output.obj
 0001:000055ac       ??$extract_argument_from_va_list@_J_J@?$positional_parameter_base@DV?$string_output_adapter@D@__crt_stdio_output@@@__crt_stdio_output@@IEAA_NAEA_J@Z 00000001800065ac f i libucrt:output.obj
 0001:00005668       ??$extract_argument_from_va_list@_W_W@?$positional_parameter_base@DV?$string_output_adapter@D@__crt_stdio_output@@@__crt_stdio_output@@IEAA_NAEA_W@Z 0000000180006668 f i libucrt:output.obj
 0001:00005724       ??$is_wide_character_specifier@_W@__crt_stdio_output@@YA_N_K_WW4length_modifier@0@@Z 0000000180006724 f i libucrt:output.obj
 0001:00005764       ??$type_case_integer_parse_into_buffer@I@?$output_processor@DV?$string_output_adapter@D@__crt_stdio_output@@V?$positional_parameter_base@DV?$string_output_adapter@D@__crt_stdio_output@@@2@@__crt_stdio_output@@AEAAXII_N@Z 0000000180006764 f i libucrt:output.obj
 0001:000057f4       ??$type_case_integer_parse_into_buffer@I@?$output_processor@_WV?$stream_output_adapter@_W@__crt_stdio_output@@V?$standard_base@_WV?$stream_output_adapter@_W@__crt_stdio_output@@@2@@__crt_stdio_output@@AEAAXII_N@Z 00000001800067f4 f i libucrt:output.obj
 0001:000057f4       ??$type_case_integer_parse_into_buffer@I@?$output_processor@_WV?$string_output_adapter@_W@__crt_stdio_output@@V?$standard_base@_WV?$string_output_adapter@_W@__crt_stdio_output@@@2@@__crt_stdio_output@@AEAAXII_N@Z 00000001800067f4 f i libucrt:output.obj
 0001:00005894       ??$type_case_integer_parse_into_buffer@_K@?$output_processor@DV?$string_output_adapter@D@__crt_stdio_output@@V?$positional_parameter_base@DV?$string_output_adapter@D@__crt_stdio_output@@@2@@__crt_stdio_output@@AEAAX_KI_N@Z 0000000180006894 f i libucrt:output.obj
 0001:00005928       ??$type_case_integer_parse_into_buffer@_K@?$output_processor@_WV?$string_output_adapter@_W@__crt_stdio_output@@V?$standard_base@_WV?$string_output_adapter@_W@__crt_stdio_output@@@2@@__crt_stdio_output@@AEAAX_KI_N@Z 0000000180006928 f i libucrt:output.obj
 0001:00005928       ??$type_case_integer_parse_into_buffer@_K@?$output_processor@_WV?$stream_output_adapter@_W@__crt_stdio_output@@V?$standard_base@_WV?$stream_output_adapter@_W@__crt_stdio_output@@@2@@__crt_stdio_output@@AEAAX_KI_N@Z 0000000180006928 f i libucrt:output.obj
 0001:000059cc       ??$write_multiple_characters@V?$stream_output_adapter@_W@__crt_stdio_output@@D@__crt_stdio_output@@YAXAEBV?$stream_output_adapter@_W@0@DHQEAH@Z 00000001800069cc f i libucrt:output.obj
 0001:00005a60       ??$write_multiple_characters@V?$string_output_adapter@D@__crt_stdio_output@@D@__crt_stdio_output@@YAXAEBV?$string_output_adapter@D@0@DHQEAH@Z 0000000180006a60 f i libucrt:output.obj
 0001:00005ad8       ??$write_multiple_characters@V?$string_output_adapter@_W@__crt_stdio_output@@D@__crt_stdio_output@@YAXAEBV?$string_output_adapter@_W@0@DHQEAH@Z 0000000180006ad8 f i libucrt:output.obj
 0001:00005b54       ??0_LocaleUpdate@@QEAA@QEAU__crt_locale_pointers@@@Z 0000000180006b54 f i libucrt:output.obj
 0001:00005bf0       ??1_LocaleUpdate@@QEAA@XZ  0000000180006bf0 f i libucrt:output.obj
 0001:00005d38       ?crop_zeroes@__crt_stdio_output@@YAXPEADQEAU__crt_locale_pointers@@@Z 0000000180006d38 f i libucrt:output.obj
 0001:00005da4       ?force_decimal_point@__crt_stdio_output@@YAXPEADQEAU__crt_locale_pointers@@@Z 0000000180006da4 f i libucrt:output.obj
 0001:00005e14       ?is_positional_parameter_reappearance_consistent@?$positional_parameter_base@DV?$string_output_adapter@D@__crt_stdio_output@@@__crt_stdio_output@@AEAA_NAEBUparameter_data@12@W4parameter_type@12@DW4length_modifier@2@@Z 0000000180006e14 f i libucrt:output.obj
 0001:00006040       ?parse_int_from_format_string@?$output_processor@DV?$string_output_adapter@D@__crt_stdio_output@@V?$positional_parameter_base@DV?$string_output_adapter@D@__crt_stdio_output@@@2@@__crt_stdio_output@@AEAA_NQEAH@Z 0000000180007040 f i libucrt:output.obj
 0001:000060e4       ?parse_int_from_format_string@?$output_processor@_WV?$string_output_adapter@_W@__crt_stdio_output@@V?$standard_base@_WV?$string_output_adapter@_W@__crt_stdio_output@@@2@@__crt_stdio_output@@AEAA_NQEAH@Z 00000001800070e4 f i libucrt:output.obj
 0001:000060e4       ?parse_int_from_format_string@?$output_processor@_WV?$stream_output_adapter@_W@__crt_stdio_output@@V?$standard_base@_WV?$stream_output_adapter@_W@__crt_stdio_output@@@2@@__crt_stdio_output@@AEAA_NQEAH@Z 00000001800070e4 f i libucrt:output.obj
 0001:00006188       ?process@?$output_processor@DV?$string_output_adapter@D@__crt_stdio_output@@V?$positional_parameter_base@DV?$string_output_adapter@D@__crt_stdio_output@@@2@@__crt_stdio_output@@QEAAHXZ 0000000180007188 f i libucrt:output.obj
 0001:00006420       ?process@?$output_processor@_WV?$stream_output_adapter@_W@__crt_stdio_output@@V?$standard_base@_WV?$stream_output_adapter@_W@__crt_stdio_output@@@2@@__crt_stdio_output@@QEAAHXZ 0000000180007420 f i libucrt:output.obj
 0001:00006678       ?process@?$output_processor@_WV?$string_output_adapter@_W@__crt_stdio_output@@V?$standard_base@_WV?$string_output_adapter@_W@__crt_stdio_output@@@2@@__crt_stdio_output@@QEAAHXZ 0000000180007678 f i libucrt:output.obj
 0001:000068d4       ?state_case_normal@?$output_processor@DV?$string_output_adapter@D@__crt_stdio_output@@V?$positional_parameter_base@DV?$string_output_adapter@D@__crt_stdio_output@@@2@@__crt_stdio_output@@AEAA_NXZ 00000001800078d4 f i libucrt:output.obj
 0001:0000696c       ?state_case_normal_tchar@?$output_processor@DV?$string_output_adapter@D@__crt_stdio_output@@V?$positional_parameter_base@DV?$string_output_adapter@D@__crt_stdio_output@@@2@@__crt_stdio_output@@AEAA_ND@Z 000000018000796c f i libucrt:output.obj
 0001:00006a04       ?state_case_size@?$output_processor@DV?$string_output_adapter@D@__crt_stdio_output@@V?$positional_parameter_base@DV?$string_output_adapter@D@__crt_stdio_output@@@2@@__crt_stdio_output@@AEAA_NXZ 0000000180007a04 f i libucrt:output.obj
 0001:00006b78       ?state_case_size@?$output_processor@_WV?$stream_output_adapter@_W@__crt_stdio_output@@V?$standard_base@_WV?$stream_output_adapter@_W@__crt_stdio_output@@@2@@__crt_stdio_output@@AEAA_NXZ 0000000180007b78 f i libucrt:output.obj
 0001:00006d10       ?state_case_size@?$output_processor@_WV?$string_output_adapter@_W@__crt_stdio_output@@V?$standard_base@_WV?$string_output_adapter@_W@__crt_stdio_output@@@2@@__crt_stdio_output@@AEAA_NXZ 0000000180007d10 f i libucrt:output.obj
 0001:00006ea8       ?state_case_type@?$output_processor@DV?$string_output_adapter@D@__crt_stdio_output@@V?$positional_parameter_base@DV?$string_output_adapter@D@__crt_stdio_output@@@2@@__crt_stdio_output@@AEAA_NXZ 0000000180007ea8 f i libucrt:output.obj
 0001:0000712c       ?state_case_type@?$output_processor@_WV?$stream_output_adapter@_W@__crt_stdio_output@@V?$standard_base@_WV?$stream_output_adapter@_W@__crt_stdio_output@@@2@@__crt_stdio_output@@AEAA_NXZ 000000018000812c f i libucrt:output.obj
 0001:00007418       ?state_case_type@?$output_processor@_WV?$string_output_adapter@_W@__crt_stdio_output@@V?$standard_base@_WV?$string_output_adapter@_W@__crt_stdio_output@@@2@@__crt_stdio_output@@AEAA_NXZ 0000000180008418 f i libucrt:output.obj
 0001:000076ec       ?type_case_Z@?$output_processor@DV?$string_output_adapter@D@__crt_stdio_output@@V?$positional_parameter_base@DV?$string_output_adapter@D@__crt_stdio_output@@@2@@__crt_stdio_output@@AEAA_NXZ 00000001800086ec f i libucrt:output.obj
 0001:00007848       ?type_case_Z@?$output_processor@_WV?$string_output_adapter@_W@__crt_stdio_output@@V?$standard_base@_WV?$string_output_adapter@_W@__crt_stdio_output@@@2@@__crt_stdio_output@@AEAA_NXZ 0000000180008848 f i libucrt:output.obj
 0001:00007848       ?type_case_Z@?$output_processor@_WV?$stream_output_adapter@_W@__crt_stdio_output@@V?$standard_base@_WV?$stream_output_adapter@_W@__crt_stdio_output@@@2@@__crt_stdio_output@@AEAA_NXZ 0000000180008848 f i libucrt:output.obj
 0001:000078c4       ?type_case_a@?$output_processor@DV?$string_output_adapter@D@__crt_stdio_output@@V?$positional_parameter_base@DV?$string_output_adapter@D@__crt_stdio_output@@@2@@__crt_stdio_output@@AEAA_NXZ 00000001800088c4 f i libucrt:output.obj
 0001:00007ab0       ?type_case_a@?$output_processor@_WV?$stream_output_adapter@_W@__crt_stdio_output@@V?$standard_base@_WV?$stream_output_adapter@_W@__crt_stdio_output@@@2@@__crt_stdio_output@@AEAA_NXZ 0000000180008ab0 f i libucrt:output.obj
 0001:00007ab0       ?type_case_a@?$output_processor@_WV?$string_output_adapter@_W@__crt_stdio_output@@V?$standard_base@_WV?$string_output_adapter@_W@__crt_stdio_output@@@2@@__crt_stdio_output@@AEAA_NXZ 0000000180008ab0 f i libucrt:output.obj
 0001:00007c90       ?type_case_c_tchar@?$output_processor@DV?$string_output_adapter@D@__crt_stdio_output@@V?$positional_parameter_base@DV?$string_output_adapter@D@__crt_stdio_output@@@2@@__crt_stdio_output@@AEAA_ND@Z 0000000180008c90 f i libucrt:output.obj
 0001:00007da0       ?type_case_c_tchar@?$output_processor@_WV?$stream_output_adapter@_W@__crt_stdio_output@@V?$standard_base@_WV?$stream_output_adapter@_W@__crt_stdio_output@@@2@@__crt_stdio_output@@AEAA_N_W@Z 0000000180008da0 f i libucrt:output.obj
 0001:00007da0       ?type_case_c_tchar@?$output_processor@_WV?$string_output_adapter@_W@__crt_stdio_output@@V?$standard_base@_WV?$string_output_adapter@_W@__crt_stdio_output@@@2@@__crt_stdio_output@@AEAA_N_W@Z 0000000180008da0 f i libucrt:output.obj
 0001:00007e48       ?type_case_integer@?$output_processor@DV?$string_output_adapter@D@__crt_stdio_output@@V?$positional_parameter_base@DV?$string_output_adapter@D@__crt_stdio_output@@@2@@__crt_stdio_output@@AEAA_NI_N@Z 0000000180008e48 f i libucrt:output.obj
 0001:0000804c       ?type_case_integer@?$output_processor@_WV?$stream_output_adapter@_W@__crt_stdio_output@@V?$standard_base@_WV?$stream_output_adapter@_W@__crt_stdio_output@@@2@@__crt_stdio_output@@AEAA_NI_N@Z 000000018000904c f i libucrt:output.obj
 0001:0000804c       ?type_case_integer@?$output_processor@_WV?$string_output_adapter@_W@__crt_stdio_output@@V?$standard_base@_WV?$string_output_adapter@_W@__crt_stdio_output@@@2@@__crt_stdio_output@@AEAA_NI_N@Z 000000018000904c f i libucrt:output.obj
 0001:00008218       ?type_case_n@?$output_processor@DV?$string_output_adapter@D@__crt_stdio_output@@V?$positional_parameter_base@DV?$string_output_adapter@D@__crt_stdio_output@@@2@@__crt_stdio_output@@AEAA_NXZ 0000000180009218 f i libucrt:output.obj
 0001:0000831c       ?type_case_n@?$output_processor@_WV?$stream_output_adapter@_W@__crt_stdio_output@@V?$standard_base@_WV?$stream_output_adapter@_W@__crt_stdio_output@@@2@@__crt_stdio_output@@AEAA_NXZ 000000018000931c f i libucrt:output.obj
 0001:0000831c       ?type_case_n@?$output_processor@_WV?$string_output_adapter@_W@__crt_stdio_output@@V?$standard_base@_WV?$string_output_adapter@_W@__crt_stdio_output@@@2@@__crt_stdio_output@@AEAA_NXZ 000000018000931c f i libucrt:output.obj
 0001:000083f8       ?type_case_s@?$output_processor@DV?$string_output_adapter@D@__crt_stdio_output@@V?$positional_parameter_base@DV?$string_output_adapter@D@__crt_stdio_output@@@2@@__crt_stdio_output@@AEAA_NXZ 00000001800093f8 f i libucrt:output.obj
 0001:000084b0       ?type_case_s@?$output_processor@_WV?$string_output_adapter@_W@__crt_stdio_output@@V?$standard_base@_WV?$string_output_adapter@_W@__crt_stdio_output@@@2@@__crt_stdio_output@@AEAA_NXZ 00000001800094b0 f i libucrt:output.obj
 0001:000084b0       ?type_case_s@?$output_processor@_WV?$stream_output_adapter@_W@__crt_stdio_output@@V?$standard_base@_WV?$stream_output_adapter@_W@__crt_stdio_output@@@2@@__crt_stdio_output@@AEAA_NXZ 00000001800094b0 f i libucrt:output.obj
 0001:00008574       ?update_field_width@?$positional_parameter_base@DV?$string_output_adapter@D@__crt_stdio_output@@@__crt_stdio_output@@IEAA_NXZ 0000000180009574 f i libucrt:output.obj
 0001:0000868c       ?update_precision@?$positional_parameter_base@DV?$string_output_adapter@D@__crt_stdio_output@@@__crt_stdio_output@@IEAA_NXZ 000000018000968c f i libucrt:output.obj
 0001:000087a4       ?validate_and_update_state_at_beginning_of_format_character@?$positional_parameter_base@DV?$string_output_adapter@D@__crt_stdio_output@@@__crt_stdio_output@@IEAA_NXZ 00000001800097a4 f i libucrt:output.obj
 0001:000088b0       ?validate_and_update_state_at_end_of_format_string@?$positional_parameter_base@DV?$string_output_adapter@D@__crt_stdio_output@@@__crt_stdio_output@@IEAA_NXZ 00000001800098b0 f i libucrt:output.obj
 0001:00008940       ?validate_state_for_type_case_a@?$positional_parameter_base@DV?$string_output_adapter@D@__crt_stdio_output@@@__crt_stdio_output@@IEAA_NXZ 0000000180009940 f i libucrt:output.obj
 0001:000089dc       ?write_stored_string_tchar@?$output_processor@DV?$string_output_adapter@D@__crt_stdio_output@@V?$positional_parameter_base@DV?$string_output_adapter@D@__crt_stdio_output@@@2@@__crt_stdio_output@@AEAA_ND@Z 00000001800099dc f i libucrt:output.obj
 0001:00008ab4       ?write_stored_string_tchar@?$output_processor@_WV?$stream_output_adapter@_W@__crt_stdio_output@@V?$standard_base@_WV?$stream_output_adapter@_W@__crt_stdio_output@@@2@@__crt_stdio_output@@AEAA_N_W@Z 0000000180009ab4 f i libucrt:output.obj
 0001:00008bbc       ?write_stored_string_tchar@?$output_processor@_WV?$string_output_adapter@_W@__crt_stdio_output@@V?$standard_base@_WV?$string_output_adapter@_W@__crt_stdio_output@@@2@@__crt_stdio_output@@AEAA_N_W@Z 0000000180009bbc f i libucrt:output.obj
 0001:00008ca8       ?write_string@?$string_output_adapter@D@__crt_stdio_output@@QEBAXQEBDHQEAHAEAV__crt_deferred_errno_cache@@@Z 0000000180009ca8 f i libucrt:output.obj
 0001:00008d4c       ?write_string@?$string_output_adapter@_W@__crt_stdio_output@@QEBAXQEB_WHQEAHAEAV__crt_deferred_errno_cache@@@Z 0000000180009d4c f i libucrt:output.obj
 0001:00008df4       ?write_string_impl@?$output_adapter_common@_WV?$stream_output_adapter@_W@__crt_stdio_output@@@__crt_stdio_output@@IEBAXQEB_WHQEAHAEAV__crt_deferred_errno_cache@@@Z 0000000180009df4 f i libucrt:output.obj
 0001:00008ef8       __stdio_common_vfwprintf   0000000180009ef8 f   libucrt:output.obj
 0001:00008f84       __stdio_common_vsprintf_p  0000000180009f84 f   libucrt:output.obj
 0001:00008f8c       __stdio_common_vswprintf   0000000180009f8c f   libucrt:output.obj
 0001:00009038       _fwrite_nolock             000000018000a038 f   libucrt:fwrite.obj
 0001:000091e0       fwrite                     000000018000a1e0 f   libucrt:fwrite.obj
 0001:00009264       __acrt_errno_from_os_error 000000018000a264 f   libucrt:errno.obj
 0001:000092ac       __acrt_errno_map_os_error  000000018000a2ac f   libucrt:errno.obj
 0001:000092fc       __doserrno                 000000018000a2fc f   libucrt:errno.obj
 0001:0000931c       _errno                     000000018000a31c f   libucrt:errno.obj
 0001:0000933c       free                       000000018000a33c f   libucrt:free.obj
 0001:00009d28       ??$ftprintf@PEAU_iobuf@@PEB_WAEBQEB_WAEBQEB_WAEBI@?$__crt_char_traits@_W@@SAH$$QEAPEAU_iobuf@@$$QEAPEB_WAEBQEB_W2AEBI@Z 000000018000ad28 f i libucrt:assert.obj
 0001:00009d50       _wassert                   000000018000ad50 f   libucrt:assert.obj
 0001:00009dd4       fwprintf                   000000018000add4 f i libucrt:assert.obj
 0001:00009e18       swprintf                   000000018000ae18 f i libucrt:assert.obj
 0001:00009e6c       malloc                     000000018000ae6c f   libucrt:malloc.obj
 0001:00009e74       _initterm                  000000018000ae74 f   libucrt:initterm.obj
 0001:00009ed8       _initterm_e                000000018000aed8 f   libucrt:initterm.obj
 0001:00009f18       _seh_filter_dll            000000018000af18 f   libucrt:exception_filter.obj
 0001:00009f2c       _seh_filter_exe            000000018000af2c f   libucrt:exception_filter.obj
 0001:0000a324       __acrt_initialize_thread_local_exit_callback 000000018000b324 f   libucrt:exit.obj
 0001:0000a32c       _cexit                     000000018000b32c f   libucrt:exit.obj
 0001:0000a33c       _exit                      000000018000b33c f   libucrt:exit.obj
 0001:0000a348       _is_c_termination_complete 000000018000b348 f   libucrt:exit.obj
 0001:0000a514       __acrt_allocate_buffer_for_argv 000000018000b514 f   libucrt:argv_parsing.obj
 0001:0000a574       _configure_narrow_argv     000000018000b574 f   libucrt:argv_parsing.obj
 0001:0000a8ec       __dcrt_uninitialize_environments_nolock 000000018000b8ec f   libucrt:environment_initialization.obj
 0001:0000a924       _initialize_narrow_environment 000000018000b924 f   libucrt:environment_initialization.obj
 0001:0000aab4       _execute_onexit_table      000000018000bab4 f   libucrt:onexit.obj
 0001:0000aaf0       _initialize_onexit_table   000000018000baf0 f   libucrt:onexit.obj
 0001:0000ab68       __acrt_uninitialize_command_line 000000018000bb68 f   libucrt:argv_data.obj
 0001:0000ac74       __acrt_initialize          000000018000bc74 f   libucrt:initialization.obj
 0001:0000ac88       __acrt_thread_attach       000000018000bc88 f   libucrt:initialization.obj
 0001:0000ac9c       __acrt_thread_detach       000000018000bc9c f   libucrt:initialization.obj
 0001:0000acac       __acrt_uninitialize        000000018000bcac f   libucrt:initialization.obj
 0001:0000ace4       __acrt_uninitialize_critical 000000018000bce4 f   libucrt:initialization.obj
 0001:0000acf4       terminate                  000000018000bcf4 f   libucrt:terminate.obj
 0001:0000ad14       strcpy_s                   000000018000bd14 f   libucrt:strcpy_s.obj
 0001:0000ad84       ??$parse_integer@KV?$c_string_character_source@D@__crt_strtox@@@__crt_strtox@@YAKQEAU__crt_locale_pointers@@V?$c_string_character_source@D@0@H_N@Z 000000018000bd84 f i libucrt:atox.obj
 0001:0000b0c0       ??$parse_integer@KV?$c_string_character_source@_W@__crt_strtox@@@__crt_strtox@@YAKQEAU__crt_locale_pointers@@V?$c_string_character_source@_W@0@H_N@Z 000000018000c0c0 f i libucrt:atox.obj
 0001:0000b790       strncmp                    000000018000c790 f   libucrt:strncmp.obj
 0001:0000b810       abort                      000000018000c810 f   libucrt:abort.obj
 0001:0000b868       calloc                     000000018000c868 f   libucrt:calloc.obj
 0001:0000b870       wcsncmp                    000000018000c870 f   libucrt:wcsncmp.obj
 0001:0000b89c       __acrt_call_reportfault    000000018000c89c f   libucrt:invalid_parameter.obj
 0001:0000b9f8       __acrt_initialize_invalid_parameter_handler 000000018000c9f8 f   libucrt:invalid_parameter.obj
 0001:0000ba00       _invalid_parameter         000000018000ca00 f   libucrt:invalid_parameter.obj
 0001:0000bab0       _invalid_parameter_noinfo  000000018000cab0 f   libucrt:invalid_parameter.obj
 0001:0000bad0       _invoke_watson             000000018000cad0 f   libucrt:invalid_parameter.obj
 0001:0000bb18       __acrt_initialize_stdio    000000018000cb18 f   libucrt:_file.obj
 0001:0000bc38       __acrt_iob_func            000000018000cc38 f   libucrt:_file.obj
 0001:0000bc4c       __acrt_uninitialize_stdio  000000018000cc4c f   libucrt:_file.obj
 0001:0000bca8       _lock_file                 000000018000cca8 f   libucrt:_file.obj
 0001:0000bcb4       _unlock_file               000000018000ccb4 f   libucrt:_file.obj
 0001:0000bcc0       ?__acrt_stdio_allocate_stream@@YA?AV__crt_stdio_stream@@XZ 000000018000ccc0 f   libucrt:stream.obj
 0001:0000bd18       ?__acrt_stdio_free_stream@@YAXV__crt_stdio_stream@@@Z 000000018000cd18 f   libucrt:stream.obj
 0001:0000be20       ??$__acrt_stdio_parse_mode@D@@YA?AU__acrt_stdio_stream_mode@@QEBD@Z 000000018000ce20 f i libucrt:openfile.obj
 0001:0000c0e4       _openfile                  000000018000d0e4 f   libucrt:openfile.obj
 0001:0000c180       _free_base                 000000018000d180 f   libucrt:free_base.obj
 0001:0000c234       _close                     000000018000d234 f   libucrt:close.obj
 0001:0000c2d8       _close_nolock              000000018000d2d8 f   libucrt:close.obj
 0001:0000c394       _fileno                    000000018000d394 f   libucrt:fileno.obj
 0001:0000c3bc       __acrt_stdio_free_buffer_nolock 000000018000d3bc f   libucrt:_freebuf.obj
 0001:0000c618       __acrt_stdio_flush_nolock  000000018000d618 f   libucrt:fflush.obj
 0001:0000c694       _fflush_nolock             000000018000d694 f   libucrt:fflush.obj
 0001:0000c6e0       _flushall                  000000018000d6e0 f   libucrt:fflush.obj
 0001:0000c6e8       fflush                     000000018000d6e8 f   libucrt:fflush.obj
 0001:0000c750       isdigit                    000000018000d750 f i libucrt:_ctype.obj
 0001:0000c818       _tolower_l                 000000018000d818 f   libucrt:tolower_toupper.obj
 0001:0000c958       tolower                    000000018000d958 f   libucrt:tolower_toupper.obj
 0001:0000c984       _malloc_base               000000018000d984 f   libucrt:malloc_base.obj
 0001:0000c9e4       strtol                     000000018000d9e4 f   libucrt:strtox.obj
 0001:0000ca10       wcstol                     000000018000da10 f   libucrt:strtox.obj
 0001:0000ca3c       _mbtowc_l                  000000018000da3c f   libucrt:mbtowc.obj
 0001:0000cbb8       mbtowc                     000000018000dbb8 f   libucrt:mbtowc.obj
 0001:0000cbc0       _wctomb_s_l                000000018000dbc0 f   libucrt:wctomb.obj
 0001:0000cd44       wctomb_s                   000000018000dd44 f   libucrt:wctomb.obj
 0001:0000cd58       strnlen                    000000018000dd58 f   libucrt:strnlen.obj
 0001:0000cea8       wcsnlen                    000000018000dea8 f   libucrt:strnlen.obj
 0001:0000d3f8       __acrt_freeptd             000000018000e3f8 f   libucrt:per_thread_data.obj
 0001:0000d43c       __acrt_getptd              000000018000e43c f   libucrt:per_thread_data.obj
 0001:0000d500       __acrt_getptd_head         000000018000e500 f   libucrt:per_thread_data.obj
 0001:0000d5a8       __acrt_getptd_noexit       000000018000e5a8 f   libucrt:per_thread_data.obj
 0001:0000d660       __acrt_initialize_ptd      000000018000e660 f   libucrt:per_thread_data.obj
 0001:0000d69c       __acrt_uninitialize_ptd    000000018000e69c f   libucrt:per_thread_data.obj
 0001:0000d6c0       __acrt_update_locale_info  000000018000e6c0 f   libucrt:locale_update.obj
 0001:0000d6f4       __acrt_update_multibyte_info 000000018000e6f4 f   libucrt:locale_update.obj
 0001:0000e0f8       __acrt_fp_format           000000018000f0f8 f   libucrt:cvt.obj
 0001:0000e380       _fputwc_nolock             000000018000f380 f   libucrt:fputwc.obj
 0001:0000e4f8       _fputc_nolock              000000018000f4f8 f   libucrt:fputc.obj
 0001:0000e510       _get_printf_count_output   000000018000f510 f   libucrt:printf_count_output.obj
 0001:0000e528       __acrt_stdio_begin_temporary_buffering_nolock 000000018000f528 f   libucrt:_sftbuf.obj
 0001:0000e5f8       __acrt_stdio_end_temporary_buffering_nolock 000000018000f5f8 f   libucrt:_sftbuf.obj
 0001:0000e6a4       __acrt_set_locale_changed  000000018000f6a4 f   libucrt:wsetlocale.obj
 0001:0000e6b0       __acrt_uninitialize_locale 000000018000f6b0 f   libucrt:wsetlocale.obj
 0001:0000e8c8       __acrt_initialize_lowio    000000018000f8c8 f   libucrt:ioinit.obj
 0001:0000e904       __acrt_uninitialize_lowio  000000018000f904 f   libucrt:ioinit.obj
 0001:0000eeec       _write                     000000018000feec f   libucrt:write.obj
 0001:0000efd8       _write_nolock              000000018000ffd8 f   libucrt:write.obj
 0001:0000f47c       __acrt_stdio_flush_and_write_narrow_nolock 000000018001047c f   libucrt:_flsbuf.obj
 0001:0000f564       __acrt_stdio_flush_and_write_wide_nolock 0000000180010564 f   libucrt:_flsbuf.obj
 0001:0000f650       _query_app_type            0000000180010650 f   libucrt:report_runtime_error.obj
 0001:0000f788       _itow_s                    0000000180010788 f   libucrt:xtoa.obj
 0001:0000f7a8       _set_error_mode            00000001800107a8 f   libucrt:set_error_mode.obj
 0001:0000f7e8       wcscat_s                   00000001800107e8 f   libucrt:wcscat_s.obj
 0001:0000f874       wcscpy_s                   0000000180010874 f   libucrt:wcscpy_s.obj
 0001:0000f8ec       wcsncat_s                  00000001800108ec f   libucrt:wcsncat_s.obj
 0001:0000fa00       __acrt_GetModuleFileNameA  0000000180010a00 f   libucrt:getmodulefilenamea.obj
 0001:0000fa7c       __acrt_show_wide_message_box 0000000180010a7c f   libucrt:crtmbox.obj
 0001:0000fc50       setvbuf                    0000000180010c50 f   libucrt:setvbuf.obj
 0001:0000fd34       __acrt_get_sigabrt_handler 0000000180010d34 f   libucrt:signal.obj
 0001:0000fd64       __acrt_initialize_signal_handlers 0000000180010d64 f   libucrt:signal.obj
 0001:0000fd84       raise                      0000000180010d84 f   libucrt:signal.obj
 0001:00010004       __acrt_initialize_locks    0000000180011004 f   libucrt:locks.obj
 0001:0001004c       __acrt_lock                000000018001104c f   libucrt:locks.obj
 0001:00010068       __acrt_uninitialize_locks  0000000180011068 f   libucrt:locks.obj
 0001:000100a0       __acrt_unlock              00000001800110a0 f   libucrt:locks.obj
 0001:000100bc       __acrt_get_developer_information_policy 00000001800110bc f   libucrt:win_policies.obj
 0001:00010110       __acrt_get_process_end_policy 0000000180011110 f   libucrt:win_policies.obj
 0001:0001014c       __acrt_get_windowing_model_policy 000000018001114c f   libucrt:win_policies.obj
 0001:000101b8       _calloc_base               00000001800111b8 f   libucrt:calloc_base.obj
 0001:00010798       __acrt_expand_narrow_argv_wildcards 0000000180011798 f   libucrt:argv_wildcards.obj
 0001:00010ecc       __acrt_initialize_multibyte 0000000180011ecc f   libucrt:mbctype.obj
 0001:00010f2c       __acrt_update_thread_multibyte_data 0000000180011f2c f   libucrt:mbctype.obj
 0001:00010f48       _setmbcp_nolock            0000000180011f48 f   libucrt:mbctype.obj
 0001:00011278       _ismbblead                 0000000180012278 f   libucrt:ismbbyte.obj
 0001:0001128c       __acrt_initialize_command_line 000000018001228c f   libucrt:argv_data.obj
 0001:000112b4       __acrt_MultiByteToWideChar 00000001800122b4 f   libucrt:multibytetowidechar.obj
 0001:00011310       __acrt_WideCharToMultiByte 0000000180012310 f   libucrt:widechartomultibyte.obj
 0001:000113a8       __dcrt_get_narrow_environment_from_os 00000001800123a8 f   libucrt:get_environment_from_os.obj
 0001:000114ac       _recalloc                  00000001800124ac f   libucrt:recalloc.obj
 0001:000114b4       _recalloc_base             00000001800124b4 f   libucrt:recalloc.obj
 0001:00011724       __acrt_AppPolicyGetProcessTerminationMethodInternal 0000000180012724 f   libucrt:winapi_thunks.obj
 0001:00011774       __acrt_AppPolicyGetShowDeveloperDiagnosticInternal 0000000180012774 f   libucrt:winapi_thunks.obj
 0001:000117c4       __acrt_AppPolicyGetWindowingModelInternal 00000001800127c4 f   libucrt:winapi_thunks.obj
 0001:00011814       __acrt_AreFileApisANSI     0000000180012814 f   libucrt:winapi_thunks.obj
 0001:00011850       __acrt_FlsAlloc            0000000180012850 f   libucrt:winapi_thunks.obj
 0001:00011898       __acrt_FlsFree             0000000180012898 f   libucrt:winapi_thunks.obj
 0001:000118e0       __acrt_FlsGetValue         00000001800128e0 f   libucrt:winapi_thunks.obj
 0001:00011928       __acrt_FlsSetValue         0000000180012928 f   libucrt:winapi_thunks.obj
 0001:0001197c       __acrt_InitializeCriticalSectionEx 000000018001297c f   libucrt:winapi_thunks.obj
 0001:000119e0       __acrt_LCMapStringEx       00000001800129e0 f   libucrt:winapi_thunks.obj
 0001:00011abc       __acrt_LocaleNameToLCID    0000000180012abc f   libucrt:winapi_thunks.obj
 0001:00011b0c       __acrt_MessageBoxW         0000000180012b0c f   libucrt:winapi_thunks.obj
 0001:00011b80       __acrt_can_show_message_box 0000000180012b80 f   libucrt:winapi_thunks.obj
 0001:00011bf0       __acrt_get_parent_window   0000000180012bf0 f   libucrt:winapi_thunks.obj
 0001:00011c6c       __acrt_initialize_winapi_thunks 0000000180012c6c f   libucrt:winapi_thunks.obj
 0001:00011cb4       __acrt_is_interactive      0000000180012cb4 f   libucrt:winapi_thunks.obj
 0001:00011d7c       __acrt_uninitialize_winapi_thunks 0000000180012d7c f   libucrt:winapi_thunks.obj
 0001:00011dc0       __acrt_initialize_heap     0000000180012dc0 f   libucrt:heap_handle.obj
 0001:00011ddc       __acrt_uninitialize_heap   0000000180012ddc f   libucrt:heap_handle.obj
 0001:00011de8       __acrt_execute_initializers 0000000180012de8 f   libucrt:shared_initialization.obj
 0001:00011e68       __acrt_execute_uninitializers 0000000180012e68 f   libucrt:shared_initialization.obj
 0001:00011ea4       __acrt_initialize_new_handler 0000000180012ea4 f   libucrt:new_handler.obj
 0001:00011eac       _callnewh                  0000000180012eac f   libucrt:new_handler.obj
 0001:00011edc       _query_new_handler         0000000180012edc f   libucrt:new_handler.obj
 0001:00011f10       __acrt_has_user_matherr    0000000180012f10 f   libucrt:matherr.obj
 0001:00011f30       __acrt_initialize_user_matherr 0000000180012f30 f   libucrt:matherr.obj
 0001:00011f38       __acrt_invoke_user_matherr 0000000180012f38 f   libucrt:matherr.obj
 0001:00011f68       __pctype_func              0000000180012f68 f   libucrt:ctype.obj
 0001:00011f98       iswctype                   0000000180012f98 f   libucrt:iswctype.obj
 0001:00012008       _isctype_l                 0000000180013008 f   libucrt:isctype.obj
 0001:0001211c       _fcloseall                 000000018001311c f   libucrt:closeall.obj
 0001:000121d0       __ascii_strnicmp           00000001800131d0 f   libucrt:strnicmp.obj
 0001:0001222c       _strnicmp                  000000018001322c f   libucrt:strnicmp.obj
 0001:0001227c       _strnicmp_l                000000018001327c f   libucrt:strnicmp.obj
 0001:00012358       ??$__acrt_mbs_to_wcs_cp@U__crt_win32_buffer_internal_dynamic_resizing@@@@YAHQEBDAEAV?$__crt_win32_buffer@_WU__crt_win32_buffer_internal_dynamic_resizing@@@@I@Z 0000000180013358 f i libucrt:open.obj
 0001:00012a68       _sopen_nolock              0000000180013a68 f   libucrt:open.obj
 0001:00012b80       _sopen_s                   0000000180013b80 f   libucrt:open.obj
 0001:00012bb4       _wsopen_nolock             0000000180013bb4 f   libucrt:open.obj
 0001:00012f9c       __acrt_lowio_create_handle_array 0000000180013f9c f   libucrt:osfinfo.obj
 0001:00013034       __acrt_lowio_destroy_handle_array 0000000180014034 f   libucrt:osfinfo.obj
 0001:00013084       __acrt_lowio_ensure_fh_exists 0000000180014084 f   libucrt:osfinfo.obj
 0001:0001312c       __acrt_lowio_lock_fh       000000018001412c f   libucrt:osfinfo.obj
 0001:00013150       __acrt_lowio_set_os_handle 0000000180014150 f   libucrt:osfinfo.obj
 0001:00013210       __acrt_lowio_unlock_fh     0000000180014210 f   libucrt:osfinfo.obj
 0001:00013234       _alloc_osfhnd              0000000180014234 f   libucrt:osfinfo.obj
 0001:00013358       _free_osfhnd               0000000180014358 f   libucrt:osfinfo.obj
 0001:00013414       _get_osfhandle             0000000180014414 f   libucrt:osfinfo.obj
 0001:00013518       _commit                    0000000180014518 f   libucrt:commit.obj
 0001:000135ac       _isleadbyte_l              00000001800145ac f i libucrt:_wctype.obj
 0001:00013904       __acrt_LCMapStringA        0000000180014904 f   libucrt:lcmapstringa.obj
 0001:0001399c       _query_new_mode            000000018001499c f   libucrt:new_mode.obj
 0001:000139a4       ?__mbrtowc_utf8@__crt_mbstring@@YA_KPEA_WPEBD_KPEAU_Mbstatet@@@Z 00000001800149a4 f   libucrt:mbrtowc.obj
 0001:000139e0       ?__mbsrtowcs_utf8@__crt_mbstring@@YA_KPEA_WPEAPEBD_KPEAU_Mbstatet@@@Z 00000001800149e0 f   libucrt:mbrtowc.obj
 0001:00013b58       __acrt_add_locale_ref      0000000180014b58 f   libucrt:locale_refcounting.obj
 0001:00013be4       __acrt_free_locale         0000000180014be4 f   libucrt:locale_refcounting.obj
 0001:00013d5c       __acrt_locale_add_lc_time_reference 0000000180014d5c f   libucrt:locale_refcounting.obj
 0001:00013d84       __acrt_locale_free_lc_time_if_unreferenced 0000000180014d84 f   libucrt:locale_refcounting.obj
 0001:00013dbc       __acrt_locale_release_lc_time_reference 0000000180014dbc f   libucrt:locale_refcounting.obj
 0001:00013de4       __acrt_release_locale_ref  0000000180014de4 f   libucrt:locale_refcounting.obj
 0001:00013e8c       __acrt_update_thread_locale_data 0000000180014e8c f   libucrt:locale_refcounting.obj
 0001:00013efc       _updatetlocinfoEx_nolock   0000000180014efc f   libucrt:locale_refcounting.obj
 0001:00013f64       __acrt_fp_strflt_to_string 0000000180014f64 f   libucrt:_fptostr.obj
 0001:00014050       ?divide@__crt_strtox@@YA_KAEAUbig_integer@1@AEBU21@@Z 0000000180015050 f i libucrt:cfout.obj
 0001:000144e0       __acrt_fltout              00000001800154e0 f   libucrt:cfout.obj
 0001:00015840       _isatty                    0000000180016840 f   libucrt:isatty.obj
 0001:000158a0       __acrt_locale_free_monetary 00000001800168a0 f   libucrt:initmon.obj
 0001:000159ac       __acrt_locale_free_numeric 00000001800169ac f   libucrt:initnum.obj
 0001:00015a6c       __acrt_locale_free_time    0000000180016a6c f   libucrt:inittime.obj
 0001:00015b74       __acrt_GetStringTypeA      0000000180016b74 f   libucrt:getstringtypea.obj
 0001:00015e90       _lseeki64                  0000000180016e90 f   libucrt:lseek.obj
 0001:00015e98       _lseeki64_nolock           0000000180016e98 f   libucrt:lseek.obj
 0001:00015ea0       _putwch_nolock             0000000180016ea0 f   libucrt:putwch.obj
 0001:00015edc       __acrt_stdio_allocate_buffer_nolock 0000000180016edc f   libucrt:_getbuf.obj
 0001:00016148       _mbstowcs_l                0000000180017148 f   libucrt:mbstowcs.obj
 0001:00016150       mbstowcs                   0000000180017150 f   libucrt:mbstowcs.obj
 0001:00016170       qsort                      0000000180017170 f   libucrt:qsort.obj
 0001:00016520       strncpy_s                  0000000180017520 f   libucrt:strncpy_s.obj
 0001:000166b0       strpbrk                    00000001800176b0 f   libucrt:strpbrk.obj
 0001:00016a90       ??$__acrt_convert_wcs_mbs@D_W$$A6A_KPEA_WPEBD_KPEAU__crt_locale_pointers@@@ZU__crt_win32_buffer_internal_dynamic_resizing@@@@YAHQEBDAEAV?$__crt_win32_buffer@_WU__crt_win32_buffer_internal_dynamic_resizing@@@@A6A_KPEA_WPEBD_KPEAU__crt_locale_pointers@@@Z5@Z 0000000180017a90 f i libucrt:findfirstfileexa.obj
 0001:00016b98       __acrt_FindFirstFileExA    0000000180017b98 f   libucrt:findfirstfileexa.obj
 0001:00016c3c       ??$__acrt_convert_wcs_mbs@_WD$$A6A_KPEADPEB_W_KPEAU__crt_locale_pointers@@@ZU__crt_win32_buffer_no_resizing@@@@YAHQEB_WAEAV?$__crt_win32_buffer@DU__crt_win32_buffer_no_resizing@@@@A6A_KPEADPEB_W_KPEAU__crt_locale_pointers@@@Z5@Z 0000000180017c3c f i libucrt:findnextfilea.obj
 0001:00016d08       __acrt_FindNextFileA       0000000180017d08 f   libucrt:findnextfilea.obj
 0001:00016e3c       _mbsdec                    0000000180017e3c f   libucrt:mbsdec.obj
 0001:00016e44       _mbsdec_l                  0000000180017e44 f   libucrt:mbsdec.obj
 0001:00016ef0       _msize                     0000000180017ef0 f   libucrt:msize.obj
 0001:00016ef8       _msize_base                0000000180017ef8 f   libucrt:msize.obj
 0001:00016f34       _realloc_base              0000000180017f34 f   libucrt:realloc_base.obj
 0001:00017098       __acrt_DownlevelLocaleNameToLCID 0000000180018098 f   libucrt:lcidtoname_downlevel.obj
 0001:000170cc       __acrt_GetStringTypeW      00000001800180cc f   libucrt:getstringtypew.obj
 0001:000170d4       _get_fmode                 00000001800180d4 f   libucrt:setmode.obj
 0001:00017104       _setmode_nolock            0000000180018104 f   libucrt:setmode.obj
 0001:000171e4       _chsize_nolock             00000001800181e4 f   libucrt:chsize.obj
 0001:00017940       _read_nolock               0000000180018940 f   libucrt:read.obj
 0001:00017d9c       __strncnt                  0000000180018d9c f   libucrt:strncnt.obj
 0001:00017db4       ?__mbrtoc32_utf8@__crt_mbstring@@YA_KPEA_UPEBD_KPEAU_Mbstatet@@@Z 0000000180018db4 f   libucrt:mbrtoc32.obj
 0001:00017f90       fegetenv                   0000000180018f90 f   libucrt:fegetenv.obj
 0001:00017fb0       fesetenv                   0000000180018fb0 f   libucrt:fesetenv.obj
 0001:00018000       feholdexcept               0000000180019000 f   libucrt:feholdexcept.obj
 0001:00018050       ceil                       0000000180019050 f   libucrt:ceil.obj
 0001:00018120       log10                      0000000180019120 f   libucrt:log10.obj
 0001:000186cc       __dcrt_lowio_ensure_console_output_initialized 00000001800196cc f   libucrt:initcon.obj
 0001:00018720       __dcrt_terminate_console_output 0000000180019720 f   libucrt:initcon.obj
 0001:0001873c       __dcrt_write_console       000000018001973c f   libucrt:initcon.obj
 0001:00018b64       _wcstombs_l                0000000180019b64 f   libucrt:wcstombs.obj
 0001:00018b6c       __acrt_fenv_get_control    0000000180019b6c f   libucrt:_fenvutils.obj
 0001:00018c6c       __acrt_fenv_get_status     0000000180019c6c f   libucrt:_fenvutils.obj
 0001:00018cc4       __acrt_fenv_set_control    0000000180019cc4 f   libucrt:_fenvutils.obj
 0001:00018e0c       __acrt_fenv_set_status     0000000180019e0c f   libucrt:_fenvutils.obj
 0001:00018e90       _clearfp                   0000000180019e90 f   libucrt:ieee.obj
 0001:00019024       _handle_error              000000018001a024 f   libucrt:libm_error.obj
 0001:0001914c       _handle_nan                000000018001a14c f   libucrt:libm_error.obj
 0001:00019170       __acrt_initialize_fma3     000000018001a170 f   libucrt:fma3_available.obj
 0001:000191e0       _log10_special             000000018001a1e0 f   libucrt:log_special.obj
 0001:00019298       ?__wcsrtombs_utf8@__crt_mbstring@@YA_KPEADPEAPEB_W_KPEAU_Mbstatet@@@Z 000000018001a298 f   libucrt:wcrtomb.obj
 0001:000193d0       _get_fpsr                  000000018001a3d0 f   libucrt:fpsr.obj
 0001:000193e0       _set_fpsr                  000000018001a3e0 f   libucrt:fpsr.obj
 0001:000193ea       _fclrf                     000000018001a3ea f   libucrt:fpsr.obj
 0001:000193fe       _frnd                      000000018001a3fe f   libucrt:fpsr.obj
 0001:00019420       _raise_exc                 000000018001a420 f   libucrt:fpexcept.obj
 0001:00019448       _raise_exc_ex              000000018001a448 f   libucrt:fpexcept.obj
 0001:00019758       _set_errno_from_matherr    000000018001a758 f   libucrt:fpexcept.obj
 0001:00019788       _clrfp                     000000018001a788 f   libucrt:fpctrl.obj
 0001:000197a8       _ctrlfp                    000000018001a7a8 f   libucrt:fpctrl.obj
 0001:00019824       _set_statfp                000000018001a824 f   libucrt:fpctrl.obj
 0001:00019844       _statfp                    000000018001a844 f   libucrt:fpctrl.obj
 0001:00019858       ?__c16rtomb_utf8@__crt_mbstring@@YA_KPEAD_SPEAU_Mbstatet@@@Z 000000018001a858 f   libucrt:c16rtomb.obj
 0001:00019900       ?__c32rtomb_utf8@__crt_mbstring@@YA_KPEAD_UPEAU_Mbstatet@@@Z 000000018001a900 f   libucrt:c32rtomb.obj
 0001:000199b8       c32rtomb                   000000018001a9b8 f   libucrt:c32rtomb.obj
 0001:000199bd       IsProcessorFeaturePresent  000000018001a9bd f   kernel32:KERNEL32.dll
 0001:000199d0       _FindPESection             000000018001a9d0 f   LIBCMT:pesect.obj
 0001:00019a20       _IsNonwritableInCurrentImage 000000018001aa20 f   LIBCMT:pesect.obj
 0001:00019a70       _ValidateImageBase         000000018001aa70 f   LIBCMT:pesect.obj
 0001:00019aa0       ??_Etype_info@@UEAAPEAXI@Z 000000018001aaa0 f i LIBCMT:std_type_info_static.obj
 0001:00019aa0       ??_Gtype_info@@UEAAPEAXI@Z 000000018001aaa0 f i LIBCMT:std_type_info_static.obj
 0001:00019acc       __GSHandlerCheck           000000018001aacc f   LIBCMT:_gshandler_.obj
 0001:00019aec       __GSHandlerCheckCommon     000000018001aaec f   LIBCMT:_gshandler_.obj
 0001:00019b60       _alloca_probe              000000018001ab60 f   LIBCMT:_chkstk_.obj
 0001:00019b60       __chkstk                   000000018001ab60 f   LIBCMT:_chkstk_.obj
 0001:00019bb4       __GSHandlerCheck_EH        000000018001abb4 f   LIBCMT:gshandlereh.obj
 0001:00019c34       strrchr                    000000018001ac34 f   libvcruntime:strrchr.obj
 0001:00019d90       memcmp                     000000018001ad90 f   libvcruntime:memcmp.obj
 0001:00019e70       _guard_dispatch_icall_nop  000000018001ae70 f   LIBCMT:_guard_dispatch_.obj
 0002:00000000       __imp_SetLastError         000000018001c000     kernel32:KERNEL32.dll
 0002:00000008       __imp_ReadConsoleW         000000018001c008     kernel32:KERNEL32.dll
 0002:00000010       __imp_ReadFile             000000018001c010     kernel32:KERNEL32.dll
 0002:00000018       __imp_SetEndOfFile         000000018001c018     kernel32:KERNEL32.dll
 0002:00000020       __imp_HeapReAlloc          000000018001c020     kernel32:KERNEL32.dll
 0002:00000028       __imp_HeapSize             000000018001c028     kernel32:KERNEL32.dll
 0002:00000030       __imp_SetFilePointerEx     000000018001c030     kernel32:KERNEL32.dll
 0002:00000038       __imp_GetStringTypeW       000000018001c038     kernel32:KERNEL32.dll
 0002:00000040       __imp_FlushFileBuffers     000000018001c040     kernel32:KERNEL32.dll
 0002:00000048       __imp_SetStdHandle         000000018001c048     kernel32:KERNEL32.dll
 0002:00000050       __imp_CreateFileW          000000018001c050     kernel32:KERNEL32.dll
 0002:00000058       __imp_GetProcessHeap       000000018001c058     kernel32:KERNEL32.dll
 0002:00000060       __imp_LCMapStringW         000000018001c060     kernel32:KERNEL32.dll
 0002:00000068       __imp_FreeEnvironmentStringsW 000000018001c068     kernel32:KERNEL32.dll
 0002:00000070       __imp_GetEnvironmentStringsW 000000018001c070     kernel32:KERNEL32.dll
 0002:00000078       __imp_WideCharToMultiByte  000000018001c078     kernel32:KERNEL32.dll
 0002:00000080       __imp_MultiByteToWideChar  000000018001c080     kernel32:KERNEL32.dll
 0002:00000088       __imp_GetCommandLineW      000000018001c088     kernel32:KERNEL32.dll
 0002:00000090       __imp_GetCommandLineA      000000018001c090     kernel32:KERNEL32.dll
 0002:00000098       __imp_GetCPInfo            000000018001c098     kernel32:KERNEL32.dll
 0002:000000a0       __imp_GetOEMCP             000000018001c0a0     kernel32:KERNEL32.dll
 0002:000000a8       __imp_GetACP               000000018001c0a8     kernel32:KERNEL32.dll
 0002:000000b0       __imp_IsValidCodePage      000000018001c0b0     kernel32:KERNEL32.dll
 0002:000000b8       __imp_FindNextFileW        000000018001c0b8     kernel32:KERNEL32.dll
 0002:000000c0       __imp_FindFirstFileExW     000000018001c0c0     kernel32:KERNEL32.dll
 0002:000000c8       __imp_FindClose            000000018001c0c8     kernel32:KERNEL32.dll
 0002:000000d0       __imp_OutputDebugStringW   000000018001c0d0     kernel32:KERNEL32.dll
 0002:000000d8       __imp_GetConsoleMode       000000018001c0d8     kernel32:KERNEL32.dll
 0002:000000e0       __imp_GetConsoleCP         000000018001c0e0     kernel32:KERNEL32.dll
 0002:000000e8       __imp_WriteFile            000000018001c0e8     kernel32:KERNEL32.dll
 0002:000000f0       __imp_HeapAlloc            000000018001c0f0     kernel32:KERNEL32.dll
 0002:000000f8       __imp_CloseHandle          000000018001c0f8     kernel32:KERNEL32.dll
 0002:00000100       __imp_HeapFree             000000018001c100     kernel32:KERNEL32.dll
 0002:00000108       __imp_ExitProcess          000000018001c108     kernel32:KERNEL32.dll
 0002:00000110       __imp_RtlCaptureContext    000000018001c110     kernel32:KERNEL32.dll
 0002:00000118       __imp_RtlLookupFunctionEntry 000000018001c118     kernel32:KERNEL32.dll
 0002:00000120       __imp_RtlVirtualUnwind     000000018001c120     kernel32:KERNEL32.dll
 0002:00000128       __imp_UnhandledExceptionFilter 000000018001c128     kernel32:KERNEL32.dll
 0002:00000130       __imp_SetUnhandledExceptionFilter 000000018001c130     kernel32:KERNEL32.dll
 0002:00000138       __imp_GetCurrentProcess    000000018001c138     kernel32:KERNEL32.dll
 0002:00000140       __imp_TerminateProcess     000000018001c140     kernel32:KERNEL32.dll
 0002:00000148       __imp_IsProcessorFeaturePresent 000000018001c148     kernel32:KERNEL32.dll
 0002:00000150       __imp_QueryPerformanceCounter 000000018001c150     kernel32:KERNEL32.dll
 0002:00000158       __imp_GetCurrentProcessId  000000018001c158     kernel32:KERNEL32.dll
 0002:00000160       __imp_GetCurrentThreadId   000000018001c160     kernel32:KERNEL32.dll
 0002:00000168       __imp_GetSystemTimeAsFileTime 000000018001c168     kernel32:KERNEL32.dll
 0002:00000170       __imp_InitializeSListHead  000000018001c170     kernel32:KERNEL32.dll
 0002:00000178       __imp_IsDebuggerPresent    000000018001c178     kernel32:KERNEL32.dll
 0002:00000180       __imp_GetStartupInfoW      000000018001c180     kernel32:KERNEL32.dll
 0002:00000188       __imp_GetModuleHandleW     000000018001c188     kernel32:KERNEL32.dll
 0002:00000190       __imp_RtlUnwindEx          000000018001c190     kernel32:KERNEL32.dll
 0002:00000198       __imp_InterlockedFlushSList 000000018001c198     kernel32:KERNEL32.dll
 0002:000001a0       __imp_GetLastError         000000018001c1a0     kernel32:KERNEL32.dll
 0002:000001a8       __imp_EnterCriticalSection 000000018001c1a8     kernel32:KERNEL32.dll
 0002:000001b0       __imp_LeaveCriticalSection 000000018001c1b0     kernel32:KERNEL32.dll
 0002:000001b8       __imp_DeleteCriticalSection 000000018001c1b8     kernel32:KERNEL32.dll
 0002:000001c0       __imp_InitializeCriticalSectionAndSpinCount 000000018001c1c0     kernel32:KERNEL32.dll
 0002:000001c8       __imp_TlsAlloc             000000018001c1c8     kernel32:KERNEL32.dll
 0002:000001d0       __imp_TlsGetValue          000000018001c1d0     kernel32:KERNEL32.dll
 0002:000001d8       __imp_TlsSetValue          000000018001c1d8     kernel32:KERNEL32.dll
 0002:000001e0       __imp_TlsFree              000000018001c1e0     kernel32:KERNEL32.dll
 0002:000001e8       __imp_FreeLibrary          000000018001c1e8     kernel32:KERNEL32.dll
 0002:000001f0       __imp_GetProcAddress       000000018001c1f0     kernel32:KERNEL32.dll
 0002:000001f8       __imp_LoadLibraryExW       000000018001c1f8     kernel32:KERNEL32.dll
 0002:00000200       __imp_EncodePointer        000000018001c200     kernel32:KERNEL32.dll
 0002:00000208       __imp_RaiseException       000000018001c208     kernel32:KERNEL32.dll
 0002:00000210       __imp_RtlPcToFileHeader    000000018001c210     kernel32:KERNEL32.dll
 0002:00000218       __imp_GetStdHandle         000000018001c218     kernel32:KERNEL32.dll
 0002:00000220       __imp_GetFileType          000000018001c220     kernel32:KERNEL32.dll
 0002:00000228       __imp_GetModuleFileNameW   000000018001c228     kernel32:KERNEL32.dll
 0002:00000230       __imp_GetModuleHandleExW   000000018001c230     kernel32:KERNEL32.dll
 0002:00000238       __imp_WriteConsoleW        000000018001c238     kernel32:KERNEL32.dll
 0002:00000240       \177KERNEL32_NULL_THUNK_DATA 000000018001c240     kernel32:KERNEL32.dll
 0002:00000248       __imp_?WriteHeapStatsChunk@OutputStream@v8@@UEAA?AW4WriteResult@12@PEAUHeapStatsUpdate@2@H@Z 000000018001c248     node:node.exe
 0002:00000250       __imp_??_7OutputStream@v8@@6B@ 000000018001c250     node:node.exe
 0002:00000258       __imp_node_module_register 000000018001c258     node:node.exe
 0002:00000260       __imp_?New@ObjectTemplate@v8@@SA?AV?$Local@VObjectTemplate@v8@@@2@PEAVIsolate@2@V?$Local@VFunctionTemplate@v8@@@2@@Z 000000018001c260     node:node.exe
 0002:00000268       __imp_?NewInstance@ObjectTemplate@v8@@QEAA?AV?$MaybeLocal@VObject@v8@@@2@V?$Local@VContext@v8@@@2@@Z 000000018001c268     node:node.exe
 0002:00000270       __imp_?SetInternalFieldCount@ObjectTemplate@v8@@QEAAXH@Z 000000018001c270     node:node.exe
 0002:00000278       __imp_?Set@Object@v8@@QEAA?AV?$Maybe@_N@2@V?$Local@VContext@v8@@@2@V?$Local@VValue@v8@@@2@1@Z 000000018001c278     node:node.exe
 0002:00000280       __imp_?SetInternalField@Object@v8@@QEAAXHV?$Local@VValue@v8@@@2@@Z 000000018001c280     node:node.exe
 0002:00000288       __imp_?SlowGetInternalField@Object@v8@@AEAA?AV?$Local@VValue@v8@@@2@H@Z 000000018001c288     node:node.exe
 0002:00000290       __imp_?Length@String@v8@@QEBAHXZ 000000018001c290     node:node.exe
 0002:00000298       __imp_?WriteUtf8@String@v8@@QEBAHPEADHPEAHH@Z 000000018001c298     node:node.exe
 0002:000002a0       __imp_?NewFromUtf8@String@v8@@SA?AV?$MaybeLocal@VString@v8@@@2@PEAVIsolate@2@PEBDW4NewStringType@2@H@Z 000000018001c2a0     node:node.exe
 0002:000002a8       __imp_??0EscapableHandleScope@v8@@QEAA@PEAVIsolate@1@@Z 000000018001c2a8     node:node.exe
 0002:000002b0       __imp_uv_hrtime            000000018001c2b0     node:node.exe
 0002:000002b8       __imp_?ToString@Value@v8@@QEBA?AV?$MaybeLocal@VString@v8@@@2@V?$Local@VContext@v8@@@2@@Z 000000018001c2b8     node:node.exe
 0002:000002c0       __imp_?ToInt32@Value@v8@@QEBA?AV?$MaybeLocal@VInt32@v8@@@2@V?$Local@VContext@v8@@@2@@Z 000000018001c2c0     node:node.exe
 0002:000002c8       __imp_?Int32Value@Value@v8@@QEBA?AV?$Maybe@H@2@V?$Local@VContext@v8@@@2@@Z 000000018001c2c8     node:node.exe
 0002:000002d0       __imp_?ToLocalEmpty@V8@v8@@CAXXZ 000000018001c2d0     node:node.exe
 0002:000002d8       __imp_?New@FunctionTemplate@v8@@SA?AV?$Local@VFunctionTemplate@v8@@@2@PEAVIsolate@2@P6AXAEBV?$FunctionCallbackInfo@VValue@v8@@@2@@ZV?$Local@VValue@v8@@@2@V?$Local@VSignature@v8@@@2@HW4ConstructorBehavior@2@W4SideEffectType@2@@Z 000000018001c2d8     node:node.exe
 0002:000002e0       __imp_?GetFunction@FunctionTemplate@v8@@QEAA?AV?$MaybeLocal@VFunction@v8@@@2@V?$Local@VContext@v8@@@2@@Z 000000018001c2e0     node:node.exe
 0002:000002e8       __imp_?SetClassName@FunctionTemplate@v8@@QEAAXV?$Local@VString@v8@@@2@@Z 000000018001c2e8     node:node.exe
 0002:000002f0       __imp_??0HandleScope@v8@@QEAA@PEAVIsolate@1@@Z 000000018001c2f0     node:node.exe
 0002:000002f8       __imp_??1HandleScope@v8@@QEAA@XZ 000000018001c2f8     node:node.exe
 0002:00000300       __imp_?CreateHandle@HandleScope@v8@@CAPEAPEAVObject@internal@2@PEAVHeapObject@42@PEAV342@@Z 000000018001c300     node:node.exe
 0002:00000308       __imp_?TakeHeapSnapshot@HeapProfiler@v8@@QEAAPEBVHeapSnapshot@2@PEAVActivityControl@2@PEAVObjectNameResolver@12@@Z 000000018001c308     node:node.exe
 0002:00000310       __imp_?GetCurrent@Isolate@v8@@SAPEAV12@XZ 000000018001c310     node:node.exe
 0002:00000318       __imp_?GetHeapProfiler@Isolate@v8@@QEAAPEAVHeapProfiler@2@XZ 000000018001c318     node:node.exe
 0002:00000320       __imp_?GetCurrentContext@Isolate@v8@@QEAA?AV?$Local@VContext@v8@@@2@XZ 000000018001c320     node:node.exe
 0002:00000328       __imp_?Delete@HeapSnapshot@v8@@QEAAXXZ 000000018001c328     node:node.exe
 0002:00000330       __imp_?Serialize@HeapSnapshot@v8@@QEBAXPEAVOutputStream@2@W4SerializationFormat@12@@Z 000000018001c330     node:node.exe
 0002:00000338       __imp_?New@Integer@v8@@SA?AV?$Local@VInteger@v8@@@2@PEAVIsolate@2@H@Z 000000018001c338     node:node.exe
 0002:00000340       __imp_?New@External@v8@@SA?AV?$Local@VExternal@v8@@@2@PEAVIsolate@2@PEAX@Z 000000018001c340     node:node.exe
 0002:00000348       __imp_?Value@External@v8@@QEBAPEAXXZ 000000018001c348     node:node.exe
 0002:00000350       __imp_?Escape@EscapableHandleScope@v8@@AEAAPEAPEAVObject@internal@2@PEAPEAV342@@Z 000000018001c350     node:node.exe
 0002:00000358       \177node_NULL_THUNK_DATA   000000018001c358     node:node.exe
 0002:00000360       __guard_check_icall_fptr   000000018001c360     LIBCMT:guard_support.obj
 0002:00000368       __guard_dispatch_icall_fptr 000000018001c368     LIBCMT:guard_support.obj
 0002:00000370       __xc_a                     000000018001c370     LIBCMT:initializers.obj
 0002:00000378       _register_addon_           000000018001c378     heapdump.obj
 0002:00000380       __xc_z                     000000018001c380     LIBCMT:initializers.obj
 0002:00000388       __xi_a                     000000018001c388     LIBCMT:initializers.obj
 0002:00000390       __acrt_stdio_initializer   000000018001c390     libucrt:stdio_initializer.obj
 0002:00000398       __acrt_multibyte_initializer 000000018001c398     libucrt:multibyte_initializer.obj
 0002:000003a0       __acrt_tran_fma3_initializer 000000018001c3a0     libucrt:fma3_initializer.obj
 0002:000003a8       __xi_z                     000000018001c3a8     LIBCMT:initializers.obj
 0002:000003b0       __xp_a                     000000018001c3b0     LIBCMT:initializers.obj
 0002:000003b8       __acrt_locale_terminator   000000018001c3b8     libucrt:locale_initializer.obj
 0002:000003c0       __dcrt_console_output_terminator 000000018001c3c0     libucrt:console_output_initializer.obj
 0002:000003c8       __acrt_stdio_terminator    000000018001c3c8     libucrt:stdio_initializer.obj
 0002:000003d0       __xp_z                     000000018001c3d0     LIBCMT:initializers.obj
 0002:000003d8       __xt_a                     000000018001c3d8     LIBCMT:initializers.obj
 0002:000003e0       __xt_z                     000000018001c3e0     LIBCMT:initializers.obj
 0002:000003f0       _pDefaultRawDllMain        000000018001c3f0     LIBCMT:dll_dllmain.obj
 0002:000003f0       _pRawDllMain               000000018001c3f0     LIBCMT:dll_dllmain.obj
 0002:00000408       _pDestructExceptionObject  000000018001c408     libvcruntime:ehhelpers.obj
 0002:00000748       ??_C@_08EHJDFFNH@__based?$CI@ 000000018001c748     libvcruntime:undname.obj
 0002:00000758       ??_C@_07KOLFKCDI@__cdecl@  000000018001c758     libvcruntime:undname.obj
 0002:00000760       ??_C@_08GHMPAG@__pascal@   000000018001c760     libvcruntime:undname.obj
 0002:00000770       ??_C@_09IFJBGAPI@__stdcall@ 000000018001c770     libvcruntime:undname.obj
 0002:00000780       ??_C@_0L@NPHFGOKO@__thiscall@ 000000018001c780     libvcruntime:undname.obj
 0002:00000790       ??_C@_0L@JMKHOMEK@__fastcall@ 000000018001c790     libvcruntime:undname.obj
 0002:000007a0       ??_C@_0N@BCKKPABJ@__vectorcall@ 000000018001c7a0     libvcruntime:undname.obj
 0002:000007b0       ??_C@_09HIJEGCPM@__clrcall@ 000000018001c7b0     libvcruntime:undname.obj
 0002:000007bc       ??_C@_06GHPCKEAG@__eabi@   000000018001c7bc     libvcruntime:undname.obj
 0002:000007c8       ??_C@_09IOPIDJLG@__swift_1@ 000000018001c7c8     libvcruntime:undname.obj
 0002:000007d8       ??_C@_09KFNFGKHF@__swift_2@ 000000018001c7d8     libvcruntime:undname.obj
 0002:000007e8       ??_C@_07JOMMBBKO@__ptr64@  000000018001c7e8     libvcruntime:undname.obj
 0002:000007f0       ??_C@_0L@PILCLIHE@__restrict@ 000000018001c7f0     libvcruntime:undname.obj
 0002:00000800       ??_C@_0M@GFIIJFMG@__unaligned@ 000000018001c800     libvcruntime:undname.obj
 0002:00000810       ??_C@_09DHDLOLLB@restrict?$CI@ 000000018001c810     libvcruntime:undname.obj
 0002:0000081a       ??_C@_00CNPNBAHC@@         000000018001c81a     libvcruntime:undname.obj
 0002:0000081c       ??_C@_04NIHEBCM@?5new@     000000018001c81c     libvcruntime:undname.obj
 0002:00000828       ??_C@_07FPCDHGMM@?5delete@ 000000018001c828     libvcruntime:undname.obj
 0002:00000830       ??_C@_01NEMOKFLO@?$DN@     000000018001c830     libvcruntime:undname.obj
 0002:00000834       ??_C@_02GPIOPFAK@?$DO?$DO@ 000000018001c834     libvcruntime:undname.obj
 0002:00000838       ??_C@_02FODMEDOG@?$DM?$DM@ 000000018001c838     libvcruntime:undname.obj
 0002:0000083c       ??_C@_01DCLJPIOD@?$CB@     000000018001c83c     libvcruntime:undname.obj
 0002:00000840       ??_C@_02EGOFBIJA@?$DN?$DN@ 000000018001c840     libvcruntime:undname.obj
 0002:00000844       ??_C@_02FDNJECIE@?$CB?$DN@ 000000018001c844     libvcruntime:undname.obj
 0002:00000848       ??_C@_02GPECMEKF@?$FL?$FN@ 000000018001c848     libvcruntime:undname.obj
 0002:00000850       ??_C@_08LHJFAFGD@operator@ 000000018001c850     libvcruntime:undname.obj
 0002:0000085c       ??_C@_02HBOOOICD@?9?$DO@   000000018001c85c     libvcruntime:undname.obj
 0002:00000860       ??_C@_01NBENCBCI@?$CK@     000000018001c860     libvcruntime:undname.obj
 0002:00000864       ??_C@_02ECNGHCIF@?$CL?$CL@ 000000018001c864     libvcruntime:undname.obj
 0002:00000868       ??_C@_02BAABKJLB@?9?9@     000000018001c868     libvcruntime:undname.obj
 0002:0000086c       ??_C@_01JOAMLHOP@?9@       000000018001c86c     libvcruntime:undname.obj
 0002:00000870       ??_C@_01MIFGBAGJ@?$CL@     000000018001c870     libvcruntime:undname.obj
 0002:00000874       ??_C@_01HNPIGOCE@?$CG@     000000018001c874     libvcruntime:undname.obj
 0002:00000878       ??_C@_03MNHNFDLC@?9?$DO?$CK@ 000000018001c878     libvcruntime:undname.obj
 0002:0000087c       ??_C@_01KMDKNFGN@?1@       000000018001c87c     libvcruntime:undname.obj
 0002:00000880       ??_C@_01FGNFDNOH@?$CF@     000000018001c880     libvcruntime:undname.obj
 0002:00000884       ??_C@_01MNNFJEPP@?$DM@     000000018001c884     libvcruntime:undname.obj
 0002:00000888       ??_C@_02EHCHHCKH@?$DM?$DN@ 000000018001c888     libvcruntime:undname.obj
 0002:0000088c       ??_C@_01PPODPGHN@?$DO@     000000018001c88c     libvcruntime:undname.obj
 0002:00000890       ??_C@_02EEKDKGMJ@?$DO?$DN@ 000000018001c890     libvcruntime:undname.obj
 0002:00000894       ??_C@_01IHBHIGKO@?0@       000000018001c894     libvcruntime:undname.obj
 0002:00000898       ??_C@_02HCKGKOFO@?$CI?$CJ@ 000000018001c898     libvcruntime:undname.obj
 0002:0000089c       ??_C@_01PJKLJHI@?$HO@      000000018001c89c     libvcruntime:undname.obj
 0002:000008a0       ??_C@_01JKBOJNNK@?$FO@     000000018001c8a0     libvcruntime:undname.obj
 0002:000008a4       ??_C@_01DNKMNLPK@?$HM@     000000018001c8a4     libvcruntime:undname.obj
 0002:000008a8       ??_C@_02PPKAJPJL@?$CG?$CG@ 000000018001c8a8     libvcruntime:undname.obj
 0002:000008ac       ??_C@_02NONPIBCD@?$HM?$HM@ 000000018001c8ac     libvcruntime:undname.obj
 0002:000008b0       ??_C@_02FPIMKNGF@?$CK?$DN@ 000000018001c8b0     libvcruntime:undname.obj
 0002:000008b4       ??_C@_02FOEOMHFC@?$CL?$DN@ 000000018001c8b4     libvcruntime:undname.obj
 0002:000008b8       ??_C@_02FKMDLLOA@?9?$DN@   000000018001c8b8     libvcruntime:undname.obj
 0002:000008bc       ??_C@_02FJEHGPIO@?1?$DN@   000000018001c8bc     libvcruntime:undname.obj
 0002:000008c0       ??_C@_02FENAOKFI@?$CF?$DN@ 000000018001c8c0     libvcruntime:undname.obj
 0002:000008c4       ??_C@_03IKFCCPFF@?$DO?$DO?$DN@ 000000018001c8c4     libvcruntime:undname.obj
 0002:000008c8       ??_C@_03CDNPDDLA@?$DM?$DM?$DN@ 000000018001c8c8     libvcruntime:undname.obj
 0002:000008cc       ??_C@_02FGJGFEAB@?$CG?$DN@ 000000018001c8cc     libvcruntime:undname.obj
 0002:000008d0       ??_C@_02DHLNPPGH@?$HM?$DN@ 000000018001c8d0     libvcruntime:undname.obj
 0002:000008d4       ??_C@_02MHEGNOJ@?$FO?$DN@  000000018001c8d4     libvcruntime:undname.obj
 0002:000008d8       ??_C@_09IFPLHPGF@?$GAvftable?8@ 000000018001c8d8     libvcruntime:undname.obj
 0002:000008e8       ??_C@_09BLBHBJP@?$GAvbtable?8@ 000000018001c8e8     libvcruntime:undname.obj
 0002:000008f8       ??_C@_07FEEIOKP@?$GAvcall?8@ 000000018001c8f8     libvcruntime:undname.obj
 0002:00000900       ??_C@_08LLFFHHDJ@?$GAtypeof?8@ 000000018001c900     libvcruntime:undname.obj
 0002:00000910       ??_C@_0BF@KDPPACIK@?$GAlocal?5static?5guard?8@ 000000018001c910     libvcruntime:undname.obj
 0002:00000928       ??_C@_08OBABFOLI@?$GAstring?8@ 000000018001c928     libvcruntime:undname.obj
 0002:00000938       ??_C@_0BD@JDLKDPAB@?$GAvbase?5destructor?8@ 000000018001c938     libvcruntime:undname.obj
 0002:00000950       ??_C@_0BN@DEGPLNFK@?$GAvector?5deleting?5destructor?8@ 000000018001c950     libvcruntime:undname.obj
 0002:00000970       ??_C@_0BO@OBMKPJIG@?$GAdefault?5constructor?5closure?8@ 000000018001c970     libvcruntime:undname.obj
 0002:00000990       ??_C@_0BN@IMDCHIKM@?$GAscalar?5deleting?5destructor?8@ 000000018001c990     libvcruntime:undname.obj
 0002:000009b0       ??_C@_0BO@PFGOCPJJ@?$GAvector?5constructor?5iterator?8@ 000000018001c9b0     libvcruntime:undname.obj
[...]
 0004:0000126c       $pdata$??$?RV<lambda_a37b2b86f63e897a80ea819b0eb08c01>@@AEAV<lambda_38ce7e780aa69e748d6df282ebc68efe>@@V<lambda_99fb1378e971ab6e7edea83e3a7a83a2>@@@?$__crt_seh_guarded_call@H@@QEAAH$$QEAV<lambda_a37b2b86f63e897a80ea819b0eb08c01>@@AEAV<lambda_38ce7e780aa69e748d6df282ebc68efe>@@$$QEAV<lambda_99fb1378e971ab6e7edea83e3a7a83a2>@@@Z 000000018002b26c     libucrt:commit.obj
 0004:00001278       $pdata$_commit             000000018002b278     libucrt:commit.obj
 0004:00001284       $pdata$_isleadbyte_l       000000018002b284     libucrt:_wctype.obj
 0004:00001290       $pdata$?__acrt_LCMapStringA_stat@@YAHPEAU__crt_locale_pointers@@PEB_WKPEBDHPEADHHH@Z 000000018002b290     libucrt:lcmapstringa.obj
 0004:0000129c       $pdata$__acrt_LCMapStringA 000000018002b29c     libucrt:lcmapstringa.obj
 0004:000012a8       $pdata$?__mbrtowc_utf8@__crt_mbstring@@YA_KPEA_WPEBD_KPEAU_Mbstatet@@@Z 000000018002b2a8     libucrt:mbrtowc.obj
 0004:000012b4       $pdata$?__mbsrtowcs_utf8@__crt_mbstring@@YA_KPEA_WPEAPEBD_KPEAU_Mbstatet@@@Z 000000018002b2b4     libucrt:mbrtowc.obj
 0004:000012c0       $pdata$__acrt_free_locale  000000018002b2c0     libucrt:locale_refcounting.obj
 0004:000012cc       $pdata$__acrt_locale_free_lc_time_if_unreferenced 000000018002b2cc     libucrt:locale_refcounting.obj
 0004:000012d8       $pdata$__acrt_release_locale_ref 000000018002b2d8     libucrt:locale_refcounting.obj
 0004:000012e4       $pdata$__acrt_update_thread_locale_data 000000018002b2e4     libucrt:locale_refcounting.obj
 0004:000012f0       $pdata$_updatetlocinfoEx_nolock 000000018002b2f0     libucrt:locale_refcounting.obj
 0004:000012fc       $pdata$__acrt_fp_strflt_to_string 000000018002b2fc     libucrt:_fptostr.obj
 0004:00001308       $pdata$?divide@__crt_strtox@@YA_KAEAUbig_integer@1@AEBU21@@Z 000000018002b308     libucrt:cfout.obj
 0004:00001314       $pdata$0$?divide@__crt_strtox@@YA_KAEAUbig_integer@1@AEBU21@@Z 000000018002b314     libucrt:cfout.obj
 0004:00001320       $pdata$6$?divide@__crt_strtox@@YA_KAEAUbig_integer@1@AEBU21@@Z 000000018002b320     libucrt:cfout.obj
 0004:0000132c       $pdata$7$?divide@__crt_strtox@@YA_KAEAUbig_integer@1@AEBU21@@Z 000000018002b32c     libucrt:cfout.obj
 0004:00001338       $pdata$8$?divide@__crt_strtox@@YA_KAEAUbig_integer@1@AEBU21@@Z 000000018002b338     libucrt:cfout.obj
 0004:00001344       $pdata$__acrt_fltout       000000018002b344     libucrt:cfout.obj
 0004:00001350       $pdata$memcpy_s            000000018002b350     libucrt:cfout.obj
 0004:0000135c       $pdata$_isatty             000000018002b35c     libucrt:isatty.obj
 0004:00001368       $pdata$__acrt_locale_free_monetary 000000018002b368     libucrt:initmon.obj
 0004:00001374       $pdata$__acrt_locale_free_numeric 000000018002b374     libucrt:initnum.obj
 0004:00001380       $pdata$?free_crt_array_internal@@YAXQEAPEBX_K@Z 000000018002b380     libucrt:inittime.obj
 0004:0000138c       $pdata$__acrt_locale_free_time 000000018002b38c     libucrt:inittime.obj
 0004:00001398       $pdata$__acrt_GetStringTypeA 000000018002b398     libucrt:getstringtypea.obj
 0004:000013a4       $pdata$??$common_lseek@_J@@YA_JH_JH@Z 000000018002b3a4     libucrt:lseek.obj
 0004:000013b0       $pdata$??$common_lseek_nolock@_J@@YA_JH_JH@Z 000000018002b3b0     libucrt:lseek.obj
 0004:000013bc       $pdata$_putwch_nolock      000000018002b3bc     libucrt:putwch.obj
 0004:000013c8       $pdata$__acrt_stdio_allocate_buffer_nolock 000000018002b3c8     libucrt:_getbuf.obj
 0004:000013d4       $pdata$?_mbstowcs_l_helper@@YA_KPEA_WPEBD_KPEAU__crt_locale_pointers@@@Z 000000018002b3d4     libucrt:mbstowcs.obj
 0004:000013e0       $pdata$qsort               000000018002b3e0     libucrt:qsort.obj
 0004:000013ec       $pdata$4$qsort             000000018002b3ec     libucrt:qsort.obj
 0004:000013f8       $pdata$5$qsort             000000018002b3f8     libucrt:qsort.obj
 0004:00001404       $pdata$strncpy_s           000000018002b404     libucrt:strncpy_s.obj
 0004:00001410       $pdata$fallbackMethod      000000018002b410     libucrt:strpbrk.obj
 0004:0000141c       $pdata$strpbrk             000000018002b41c     libucrt:strpbrk.obj
 0004:00001428       $pdata$??$__acrt_convert_wcs_mbs@D_W$$A6A_KPEA_WPEBD_KPEAU__crt_locale_pointers@@@ZU__crt_win32_buffer_internal_dynamic_resizing@@@@YAHQEBDAEAV?$__crt_win32_buffer@_WU__crt_win32_buffer_internal_dynamic_resizing@@@@A6A_KPEA_WPEBD_KPEAU__crt_locale_pointers@@@Z5@Z 000000018002b428     libucrt:findfirstfileexa.obj
 0004:00001434       $pdata$__acrt_FindFirstFileExA 000000018002b434     libucrt:findfirstfileexa.obj
 0004:00001440       $pdata$??$__acrt_convert_wcs_mbs@_WD$$A6A_KPEADPEB_W_KPEAU__crt_locale_pointers@@@ZU__crt_win32_buffer_no_resizing@@@@YAHQEB_WAEAV?$__crt_win32_buffer@DU__crt_win32_buffer_no_resizing@@@@A6A_KPEADPEB_W_KPEAU__crt_locale_pointers@@@Z5@Z 000000018002b440     libucrt:findnextfilea.obj
 0004:0000144c       $pdata$__acrt_FindNextFileA 000000018002b44c     libucrt:findnextfilea.obj
 0004:00001458       $pdata$_mbsdec_l           000000018002b458     libucrt:mbsdec.obj
 0004:00001464       $pdata$?initialize_multibyte@@YAHXZ 000000018002b464     libucrt:multibyte_initializer.obj
 0004:00001470       $pdata$_msize_base         000000018002b470     libucrt:msize.obj
 0004:0000147c       $pdata$_realloc_base       000000018002b47c     libucrt:realloc_base.obj
 0004:00001488       $pdata$?GetTableIndexFromLocaleName@@YAHPEB_W@Z 000000018002b488     libucrt:lcidtoname_downlevel.obj
 0004:00001494       $pdata$__acrt_DownlevelLocaleNameToLCID 000000018002b494     libucrt:lcidtoname_downlevel.obj
 0004:000014a0       $pdata$_get_fmode          000000018002b4a0     libucrt:setmode.obj
 0004:000014ac       $pdata$_setmode_nolock     000000018002b4ac     libucrt:setmode.obj
 0004:000014b8       $pdata$_chsize_nolock      000000018002b4b8     libucrt:chsize.obj
 0004:000014c4       $pdata$??$translate_text_mode_nolock@D@@YAHHQEAD_K@Z 000000018002b4c4     libucrt:read.obj
 0004:000014d0       $pdata$??$translate_text_mode_nolock@_W@@YAHHQEA_W_K@Z 000000018002b4d0     libucrt:read.obj
 0004:000014dc       $pdata$?translate_ansi_or_utf8_nolock@@YAHHQEAD_KQEA_W1@Z 000000018002b4dc     libucrt:read.obj
 0004:000014e8       $pdata$_read_nolock        000000018002b4e8     libucrt:read.obj
 0004:000014f4       $pdata$?__mbrtoc32_utf8@__crt_mbstring@@YA_KPEA_UPEBD_KPEAU_Mbstatet@@@Z 000000018002b4f4     libucrt:mbrtoc32.obj
 0004:00001500       $pdata$fegetenv            000000018002b500     libucrt:fegetenv.obj
 0004:0000150c       $pdata$fesetenv            000000018002b50c     libucrt:fesetenv.obj
 0004:00001518       $pdata$feholdexcept        000000018002b518     libucrt:feholdexcept.obj
 0004:00001530       $pdata$__dcrt_lowio_ensure_console_output_initialized 000000018002b530     libucrt:initcon.obj
 0004:0000153c       $pdata$__dcrt_terminate_console_output 000000018002b53c     libucrt:initcon.obj
 0004:00001548       $pdata$__dcrt_write_console 000000018002b548     libucrt:initcon.obj
 0004:00001554       $pdata$?_wcstombs_l_helper@@YA_KPEADPEB_W_KPEAU__crt_locale_pointers@@@Z 000000018002b554     libucrt:wcstombs.obj
 0004:00001560       $pdata$__acrt_fenv_set_control 000000018002b560     libucrt:_fenvutils.obj
 0004:0000156c       $pdata$_clearfp            000000018002b56c     libucrt:ieee.obj
 0004:00001578       $pdata$_call_matherr       000000018002b578     libucrt:libm_error.obj
 0004:00001584       $pdata$_exception_enabled  000000018002b584     libucrt:libm_error.obj
 0004:00001590       $pdata$_handle_error       000000018002b590     libucrt:libm_error.obj
 0004:0000159c       $pdata$__acrt_initialize_fma3 000000018002b59c     libucrt:fma3_available.obj
 0004:000015a8       $pdata$_log10_special      000000018002b5a8     libucrt:log_special.obj
 0004:000015b4       $pdata$_log_special_common 000000018002b5b4     libucrt:log_special.obj
 0004:000015c0       $pdata$?__wcsrtombs_utf8@__crt_mbstring@@YA_KPEADPEAPEB_W_KPEAU_Mbstatet@@@Z 000000018002b5c0     libucrt:wcrtomb.obj
 0004:000015d8       $pdata$_raise_exc          000000018002b5d8     libucrt:fpexcept.obj
 0004:000015e4       $pdata$_raise_exc_ex       000000018002b5e4     libucrt:fpexcept.obj
 0004:000015f0       $pdata$_set_errno_from_matherr 000000018002b5f0     libucrt:fpexcept.obj
 0004:000015fc       $pdata$_clrfp              000000018002b5fc     libucrt:fpctrl.obj
 0004:00001608       $pdata$_ctrlfp             000000018002b608     libucrt:fpctrl.obj
 0004:00001614       $pdata$_set_statfp         000000018002b614     libucrt:fpctrl.obj
 0004:00001620       $pdata$_statfp             000000018002b620     libucrt:fpctrl.obj
 0004:0000162c       $pdata$?__c16rtomb_utf8@__crt_mbstring@@YA_KPEAD_SPEAU_Mbstatet@@@Z 000000018002b62c     libucrt:c16rtomb.obj
 0004:00001638       $pdata$?__c32rtomb_utf8@__crt_mbstring@@YA_KPEAD_UPEAU_Mbstatet@@@Z 000000018002b638     libucrt:c32rtomb.obj
 0004:00001644       $pdata$_IsNonwritableInCurrentImage 000000018002b644     LIBCMT:pesect.obj
 0004:00001650       $pdata$??_Gtype_info@@UEAAPEAXI@Z 000000018002b650     LIBCMT:std_type_info_static.obj
 0004:0000165c       $pdata$__GSHandlerCheck    000000018002b65c     LIBCMT:_gshandler_.obj
 0004:00001668       $pdata$__GSHandlerCheckCommon 000000018002b668     LIBCMT:_gshandler_.obj
 0004:00001680       $pdata$__GSHandlerCheck_EH 000000018002b680     LIBCMT:gshandlereh.obj
 0004:0000168c       $pdata$strrchr             000000018002b68c     libvcruntime:strrchr.obj
 0004:000016b0       $pdata$?fin$0@?0??dllmain_crt_process_attach@@YAHQEAUHINSTANCE__@@QEAX@Z@4HA 000000018002b6b0     LIBCMT:dll_dllmain.obj
 0004:000016bc       $pdata$?fin$0@?0??dllmain_crt_process_detach@@YAH_N@Z@4HA 000000018002b6bc     LIBCMT:dll_dllmain.obj
 0004:000016c8       $pdata$?filt$0@?0??dllmain_dispatch@@YAHQEAUHINSTANCE__@@KQEAX@Z@4HA 000000018002b6c8     LIBCMT:dll_dllmain.obj
 0004:000016d4       $pdata$__scrt_is_nonwritable_in_current_image$filt$0 000000018002b6d4     LIBCMT:utility.obj
 0004:000016e0       $pdata$__DestructExceptionObject$filt$0 000000018002b6e0     libvcruntime:ehhelpers.obj
 0004:000016ec       $pdata$?filt$0@?0???$_CallSETranslator@V__FrameHandler3@@@@YAHPEAUEHExceptionRecord@@PEA_KPEAU_CONTEXT@@PEAU_xDISPATCHER_CONTEXT@@PEBU_s_FuncInfo@@K1@Z@4HA 000000018002b6ec     libvcruntime:risctrnsctrl.obj
 0004:000016f8       $pdata$?filt$0@?0??CxxCallCatchBlock@__FrameHandler3@@SAPEAXPEAU_EXCEPTION_RECORD@@@Z@4HA 000000018002b6f8     libvcruntime:frame.obj
 0004:00001704       $pdata$?fin$1@?0??CxxCallCatchBlock@__FrameHandler3@@SAPEAXPEAU_EXCEPTION_RECORD@@@Z@4HA 000000018002b704     libvcruntime:frame.obj
 0004:00001710       $pdata$?filt$0@?0??FrameUnwindToState@__FrameHandler3@@SAXPEA_KPEAU_xDISPATCHER_CONTEXT@@PEBU_s_FuncInfo@@H@Z@4HA 000000018002b710     libvcruntime:frame.obj
 0004:0000171c       $pdata$?fin$1@?0??FrameUnwindToState@__FrameHandler3@@SAXPEA_KPEAU_xDISPATCHER_CONTEXT@@PEBU_s_FuncInfo@@H@Z@4HA 000000018002b71c     libvcruntime:frame.obj
 0004:00001728       $pdata$?fin$0@?0???$common_fsopen@D@@YAPEAU_iobuf@@QEBD0H@Z@4HA 000000018002b728     libucrt:fopen.obj
 0004:00001734       $pdata$fclose$fin$0        000000018002b734     libucrt:fclose.obj
 0004:00001740       $pdata$?fin$0@?0???$?RV<lambda_c376a267cfb53b6959b3b692ec76b120>@@AEAV<lambda_9a32fed5bf61b6b509b2d3f6003082a1>@@V<lambda_572fbb9fa0ab338edf41edfd4b5fcc8d>@@@?$__crt_seh_guarded_call@H@@QEAAH$$QEAV<lambda_c376a267cfb53b6959b3b692ec76b120>@@AEAV<lambda_9a32fed5bf61b6b509b2d3f6003082a1>@@$$QEAV<lambda_572fbb9fa0ab338edf41edfd4b5fcc8d>@@@Z@4HA 000000018002b740     libucrt:fflush.obj
 0004:00001740       $pdata$?fin$0@?0???$?RV<lambda_842d9ff0dc9ef11c61343bbaebe7f885>@@AEAV<lambda_c5860995281e5c4ce005b3de8f5874ee>@@V<lambda_d90129c13df834fdcbf8d2b88dafcf2d>@@@?$__crt_seh_guarded_call@X@@QEAAX$$QEAV<lambda_842d9ff0dc9ef11c61343bbaebe7f885>@@AEAV<lambda_c5860995281e5c4ce005b3de8f5874ee>@@$$QEAV<lambda_d90129c13df834fdcbf8d2b88dafcf2d>@@@Z@4HA 000000018002b740     libucrt:fflush.obj
 0004:00001740       $pdata$?fin$0@?0???$?RV<lambda_bdbcead8b570fa3d5ec6d9679862a6e5>@@AEAV<lambda_96f4279ff90247a4c5c5d9824f56f8c1>@@V<lambda_4606be27f17b5e5579e09050fab91818>@@@?$__crt_seh_guarded_call@_K@@QEAA_K$$QEAV<lambda_bdbcead8b570fa3d5ec6d9679862a6e5>@@AEAV<lambda_96f4279ff90247a4c5c5d9824f56f8c1>@@$$QEAV<lambda_4606be27f17b5e5579e09050fab91818>@@@Z@4HA 000000018002b740     libucrt:fwrite.obj
 0004:00001740       $pdata$?fin$0@?0???$?RV<lambda_0d412022a4b28cc8a401ea49574e8ae6>@@AEAV<lambda_a775ed57af18ba8e4d5dc780aa9068fe>@@V<lambda_975a71a6baa488a08f4e15f6b0339b9e>@@@?$__crt_seh_guarded_call@H@@QEAAH$$QEAV<lambda_0d412022a4b28cc8a401ea49574e8ae6>@@AEAV<lambda_a775ed57af18ba8e4d5dc780aa9068fe>@@$$QEAV<lambda_975a71a6baa488a08f4e15f6b0339b9e>@@@Z@4HA 000000018002b740     libucrt:output.obj
 0004:00001740       $pdata$?fin$0@?0???$?RV<lambda_84ec643ea9557e2f7dc01bb0e9624395>@@AEAV<lambda_ca71763b3c0644891230e4f79ea54fa6>@@V<lambda_439a761618c59b0600e24586724d733b>@@@?$__crt_seh_guarded_call@H@@QEAAH$$QEAV<lambda_84ec643ea9557e2f7dc01bb0e9624395>@@AEAV<lambda_ca71763b3c0644891230e4f79ea54fa6>@@$$QEAV<lambda_439a761618c59b0600e24586724d733b>@@@Z@4HA 000000018002b740     libucrt:setvbuf.obj
 0004:0000174c       $pdata$?fin$0@?0???$?RV<lambda_7777bce6b2f8c936911f934f8298dc43>@@AEAV<lambda_f03950bc5685219e0bcd2087efbe011e>@@V<lambda_3883c3dff614d5e0c5f61bb1ac94921c>@@@?$__crt_seh_guarded_call@H@@QEAAH$$QEAV<lambda_7777bce6b2f8c936911f934f8298dc43>@@AEAV<lambda_f03950bc5685219e0bcd2087efbe011e>@@$$QEAV<lambda_3883c3dff614d5e0c5f61bb1ac94921c>@@@Z@4HA 000000018002b74c     libucrt:onexit.obj
 0004:0000174c       $pdata$?fin$0@?0???$?RV<lambda_450d765d439847d4c735a33c368b5fc0>@@AEAV<lambda_44731a7d0e6d81c3e6aa82d741081786>@@V<lambda_601a2a7da3b7a96e9554ac7215c4b07c>@@@?$__crt_seh_guarded_call@P6AXH@Z@@QEAAP6AXH@Z$$QEAV<lambda_450d765d439847d4c735a33c368b5fc0>@@AEAV<lambda_44731a7d0e6d81c3e6aa82d741081786>@@$$QEAV<lambda_601a2a7da3b7a96e9554ac7215c4b07c>@@@Z@4HA 000000018002b74c     libucrt:signal.obj
 0004:0000174c       $pdata$?fin$0@?0???$?RV<lambda_0ae27a3a962d80f24befdcbee591983d>@@AEAV<lambda_8d0ee55de4b1038c4002e0adecdf1839>@@V<lambda_dc504788e8f1664fe9b84e20bfb512f2>@@@?$__crt_seh_guarded_call@X@@QEAAX$$QEAV<lambda_0ae27a3a962d80f24befdcbee591983d>@@AEAV<lambda_8d0ee55de4b1038c4002e0adecdf1839>@@$$QEAV<lambda_dc504788e8f1664fe9b84e20bfb512f2>@@@Z@4HA 000000018002b74c     libucrt:per_thread_data.obj
 0004:0000174c       $pdata$?fin$0@?0???$?RV<lambda_efdfa57d1f175319df784efa44bb7b81>@@AEAV<lambda_5f0a4c1567f8adc6734073e5d1e1b35c>@@V<lambda_2e8a7d3640ea6ccb4c2413664c2db6fd>@@@?$__crt_seh_guarded_call@X@@QEAAX$$QEAV<lambda_efdfa57d1f175319df784efa44bb7b81>@@AEAV<lambda_5f0a4c1567f8adc6734073e5d1e1b35c>@@$$QEAV<lambda_2e8a7d3640ea6ccb4c2413664c2db6fd>@@@Z@4HA 000000018002b74c     libucrt:mbctype.obj
 0004:0000174c       $pdata$?fin$0@?0???$?RV<lambda_aa87e3671a710a21b5dc78c0bdf72e11>@@AEAV<lambda_92619d2358a28f41a33ba319515a20b9>@@V<lambda_6992ecaafeb10aed2b74cb1fae11a551>@@@?$__crt_seh_guarded_call@X@@QEAAX$$QEAV<lambda_aa87e3671a710a21b5dc78c0bdf72e11>@@AEAV<lambda_92619d2358a28f41a33ba319515a20b9>@@$$QEAV<lambda_6992ecaafeb10aed2b74cb1fae11a551>@@@Z@4HA 000000018002b74c     libucrt:per_thread_data.obj
 0004:0000174c       $pdata$?fin$0@?0???$?RV<lambda_f2e299630e499de9f9a165e60fcd3db5>@@AEAV<lambda_2ae9d31cdba2644fcbeaf08da7c24588>@@V<lambda_40d01ff24d0e7b3814fdbdcee8eab3c7>@@@?$__crt_seh_guarded_call@X@@QEAAX$$QEAV<lambda_f2e299630e499de9f9a165e60fcd3db5>@@AEAV<lambda_2ae9d31cdba2644fcbeaf08da7c24588>@@$$QEAV<lambda_40d01ff24d0e7b3814fdbdcee8eab3c7>@@@Z@4HA 000000018002b74c     libucrt:per_thread_data.obj
 0004:0000174c       $pdata$?fin$0@?0???$?RV<lambda_d80eeec6fff315bfe5c115232f3240e3>@@AEAV<lambda_6e4b09c48022b2350581041d5f6b0c4c>@@V<lambda_2358e3775559c9db80273638284d5e45>@@@?$__crt_seh_guarded_call@X@@QEAAX$$QEAV<lambda_d80eeec6fff315bfe5c115232f3240e3>@@AEAV<lambda_6e4b09c48022b2350581041d5f6b0c4c>@@$$QEAV<lambda_2358e3775559c9db80273638284d5e45>@@@Z@4HA 000000018002b74c     libucrt:exit.obj
 0004:0000174c       $pdata$?fin$0@?0???$?RV<lambda_2d41944a1d46af3157314b8a01080d33>@@AEAV<lambda_8f455de75cd7d7f24b4096f044d8b9e6>@@V<lambda_aa500f224e6afead328df44964fe2772>@@@?$__crt_seh_guarded_call@X@@QEAAX$$QEAV<lambda_2d41944a1d46af3157314b8a01080d33>@@AEAV<lambda_8f455de75cd7d7f24b4096f044d8b9e6>@@$$QEAV<lambda_aa500f224e6afead328df44964fe2772>@@@Z@4HA 000000018002b74c     libucrt:per_thread_data.obj
 0004:00001758       $pdata$?filt$0@?0???R<lambda_6e4b09c48022b2350581041d5f6b0c4c>@@QEBA@XZ@4HA 000000018002b758     libucrt:exit.obj
 0004:00001764       $pdata$?fin$0@?0??__acrt_stdio_allocate_stream@@YA?AV__crt_stdio_stream@@XZ@4HA 000000018002b764     libucrt:stream.obj
 0004:00001764       $pdata$_fcloseall$fin$0    000000018002b764     libucrt:closeall.obj
 0004:00001770       $pdata$?fin$0@?0???$?RV<lambda_a37b2b86f63e897a80ea819b0eb08c01>@@AEAV<lambda_38ce7e780aa69e748d6df282ebc68efe>@@V<lambda_99fb1378e971ab6e7edea83e3a7a83a2>@@@?$__crt_seh_guarded_call@H@@QEAAH$$QEAV<lambda_a37b2b86f63e897a80ea819b0eb08c01>@@AEAV<lambda_38ce7e780aa69e748d6df282ebc68efe>@@$$QEAV<lambda_99fb1378e971ab6e7edea83e3a7a83a2>@@@Z@4HA 000000018002b770     libucrt:commit.obj
 0004:00001770       $pdata$?fin$0@?0???$?RV<lambda_751a882b2c74d4b022dec766aa51a29a>@@AEAV<lambda_628dfdc04ba53c8bfc02c9951375f3f5>@@V<lambda_f6c7be5f7998530c34de24c7437d6b54>@@@?$__crt_seh_guarded_call@H@@QEAAH$$QEAV<lambda_751a882b2c74d4b022dec766aa51a29a>@@AEAV<lambda_628dfdc04ba53c8bfc02c9951375f3f5>@@$$QEAV<lambda_f6c7be5f7998530c34de24c7437d6b54>@@@Z@4HA 000000018002b770     libucrt:close.obj
 0004:0000177c       $pdata$?fin$0@?0???$?RV<lambda_886d6c58226a84441f68b9f2b8217b83>@@AEAV<lambda_ab61a845afdef5b7c387490eaf3616ee>@@V<lambda_f7f22ab5edc0698d5f6905b0d3f44752>@@@?$__crt_seh_guarded_call@X@@QEAAX$$QEAV<lambda_886d6c58226a84441f68b9f2b8217b83>@@AEAV<lambda_ab61a845afdef5b7c387490eaf3616ee>@@$$QEAV<lambda_f7f22ab5edc0698d5f6905b0d3f44752>@@@Z@4HA 000000018002b77c     libucrt:fflush.obj
 0004:00001788       $pdata$?fin$0@?0???$?RV<lambda_410d79af7f07d98d83a3f525b3859a53>@@AEAV<lambda_3e16ef9562a7dcce91392c22ab16ea36>@@V<lambda_38119f0e861e05405d8a144b9b982f0a>@@@?$__crt_seh_guarded_call@X@@QEAAX$$QEAV<lambda_410d79af7f07d98d83a3f525b3859a53>@@AEAV<lambda_3e16ef9562a7dcce91392c22ab16ea36>@@$$QEAV<lambda_38119f0e861e05405d8a144b9b982f0a>@@@Z@4HA 000000018002b788     libucrt:wsetlocale.obj
 0004:00001794       $pdata$_alloc_osfhnd$fin$0 000000018002b794     libucrt:osfinfo.obj
 0004:00001794       $pdata$__acrt_lowio_ensure_fh_exists$fin$0 000000018002b794     libucrt:osfinfo.obj
 0004:00001794       $pdata$__acrt_initialize_lowio$fin$0 000000018002b794     libucrt:ioinit.obj
 0004:000017a0       $pdata$_write$fin$0        000000018002b7a0     libucrt:write.obj
 0004:000017a0       $pdata$?fin$0@?0???$common_lseek@_J@@YA_JH_JH@Z@4HA 000000018002b7a0     libucrt:lseek.obj
 0004:000017ac       $pdata$raise$fin$0         000000018002b7ac     libucrt:signal.obj
 0004:000017b8       $pdata$?fin$0@?0??update_thread_multibyte_data_internal@@YAPEAU__crt_multibyte_data@@QEAU__acrt_ptd@@QEAPEAU1@@Z@4HA 000000018002b7b8     libucrt:mbctype.obj
 0004:000017c4       $pdata$_query_new_handler$fin$0 000000018002b7c4     libucrt:new_handler.obj
 0004:000017d0       $pdata$?fin$0@?0???$common_sopen_dispatch@D@@YAHQEBDHHHQEAHH@Z@4HA 000000018002b7d0     libucrt:open.obj
 0004:000017dc       $pdata$__acrt_update_thread_locale_data$fin$0 000000018002b7dc     libucrt:locale_refcounting.obj
 0004:000017e8       $pdata$_ctrlfp$filt$0      000000018002b7e8     libucrt:fpctrl.obj
 0004:000017f4       $pdata$_IsNonwritableInCurrentImage$filt$0 000000018002b7f4     LIBCMT:pesect.obj
 0005:00000060       $R000000                   000000018002c060     * linker generated manifest res *

 Exports

  ordinal    name

        1    _register_addon_
